-- The C compiler identification is GNU 13.3.0
-- The CXX compiler identification is GNU 13.3.0
-- Detecting C compiler ABI info
-- Detecting C compiler ABI info - done
-- Check for working C compiler: /usr/bin/cc - skipped
-- Detecting C compile features
-- Detecting C compile features - done
-- Detecting CXX compiler ABI info
-- Detecting CXX compiler ABI info - done
-- Check for working CXX compiler: /usr/bin/c++ - skipped
-- Detecting CXX compile features
-- Detecting CXX compile features - done
-- Found ament_cmake: 2.5.3 (/opt/ros/jazzy/share/ament_cmake/cmake)
-- Found Python3: /usr/bin/python3 (found version "3.12.3") found components: Interpreter 
-- Found rosidl_default_generators: 1.6.0 (/opt/ros/jazzy/share/rosidl_default_generators/cmake)
-- Using all available rosidl_typesupport_c: rosidl_typesupport_fastrtps_c;rosidl_typesupport_introspection_c
-- Using all available rosidl_typesupport_cpp: rosidl_typesupport_fastrtps_cpp;rosidl_typesupport_introspection_cpp
-- Found rosidl_adapter: 4.6.5 (/opt/ros/jazzy/share/rosidl_adapter/cmake)
-- Found ament_cmake_ros: 0.12.0 (/opt/ros/jazzy/share/ament_cmake_ros/cmake)
-- Using all available rosidl_typesupport_c: rosidl_typesupport_fastrtps_c;rosidl_typesupport_introspection_c
-- Using all available rosidl_typesupport_cpp: rosidl_typesupport_fastrtps_cpp;rosidl_typesupport_introspection_cpp
-- Found python_cmake_module: 0.11.1 (/opt/ros/jazzy/share/python_cmake_module/cmake)
-- Found PythonExtra: /usr/bin/python3  
-- Found Python3: /usr/bin/python3 (found version "3.12.3") found components: Interpreter Development NumPy Development.Module Development.Embed 
-- Found ament_lint_auto: 0.17.1 (/opt/ros/jazzy/share/ament_lint_auto/cmake)
-- Added test 'lint_cmake' to check CMake code style
-- Added test 'xmllint' to check XML markup files
-- Configuring done (2.4s)
-- Generating done (0.0s)
-- Build files have been written to: /home/linux/Master-thesis/Project-Code/ros2_ws/src/freddy_single_arm_control/build/motion_specification_interfaces
[  2%] [34m[1mGenerating type hashes for ROS interfaces[0m
[  2%] Built target ament_cmake_python_copy_motion_specification_interfaces
[  2%] Built target motion_specification_interfaces__rosidl_generator_type_description
running egg_info
creating motion_specification_interfaces.egg-info
[  5%] [34m[1mGenerating C code for ROS interfaces[0m
[  8%] [34m[1mGenerating C++ code for ROS interfaces[0m
writing motion_specification_interfaces.egg-info/PKG-INFO
writing dependency_links to motion_specification_interfaces.egg-info/dependency_links.txt
writing top-level names to motion_specification_interfaces.egg-info/top_level.txt
writing manifest file 'motion_specification_interfaces.egg-info/SOURCES.txt'
reading manifest file 'motion_specification_interfaces.egg-info/SOURCES.txt'
writing manifest file 'motion_specification_interfaces.egg-info/SOURCES.txt'
[  8%] Built target ament_cmake_python_build_motion_specification_interfaces_egg
[  8%] Built target motion_specification_interfaces__cpp
[ 11%] [32mBuilding C object CMakeFiles/motion_specification_interfaces__rosidl_generator_c.dir/rosidl_generator_c/motion_specification_interfaces/action/detail/motion_specification__type_support.c.o[0m
[ 14%] [32mBuilding C object CMakeFiles/motion_specification_interfaces__rosidl_generator_c.dir/rosidl_generator_c/motion_specification_interfaces/action/detail/motion_specification__functions.c.o[0m
[ 17%] [32mBuilding C object CMakeFiles/motion_specification_interfaces__rosidl_generator_c.dir/rosidl_generator_c/motion_specification_interfaces/action/detail/motion_specification__description.c.o[0m
[ 20%] [32m[1mLinking C shared library libmotion_specification_interfaces__rosidl_generator_c.so[0m
[ 20%] Built target motion_specification_interfaces__rosidl_generator_c
[ 23%] [34m[1mGenerating C introspection for ROS interfaces[0m
[ 26%] [34m[1mGenerating C type support for eProsima Fast-RTPS[0m
[ 32%] [34m[1mGenerating C++ type support for eProsima Fast-RTPS[0m
[ 32%] [34m[1mGenerating C type support dispatch for ROS interfaces[0m
[ 38%] [34m[1mGenerating C++ type support dispatch for ROS interfaces[0m
[ 38%] [34m[1mGenerating C++ introspection for ROS interfaces[0m
[ 41%] [32mBuilding CXX object CMakeFiles/motion_specification_interfaces__rosidl_typesupport_cpp.dir/rosidl_typesupport_cpp/motion_specification_interfaces/action/motion_specification__type_support.cpp.o[0m
[ 44%] [32mBuilding CXX object CMakeFiles/motion_specification_interfaces__rosidl_typesupport_introspection_cpp.dir/rosidl_typesupport_introspection_cpp/motion_specification_interfaces/action/detail/motion_specification__type_support.cpp.o[0m
[ 47%] [32mBuilding C object CMakeFiles/motion_specification_interfaces__rosidl_typesupport_introspection_c.dir/rosidl_typesupport_introspection_c/motion_specification_interfaces/action/detail/motion_specification__type_support.c.o[0m
[ 50%] [32mBuilding CXX object CMakeFiles/motion_specification_interfaces__rosidl_typesupport_c.dir/rosidl_typesupport_c/motion_specification_interfaces/action/motion_specification__type_support.cpp.o[0m
[ 52%] [32m[1mLinking C shared library libmotion_specification_interfaces__rosidl_typesupport_introspection_c.so[0m
[ 55%] [32m[1mLinking CXX shared library libmotion_specification_interfaces__rosidl_typesupport_c.so[0m
[ 58%] [32mBuilding CXX object CMakeFiles/motion_specification_interfaces__rosidl_typesupport_fastrtps_cpp.dir/rosidl_typesupport_fastrtps_cpp/motion_specification_interfaces/action/detail/dds_fastrtps/motion_specification__type_support.cpp.o[0m
[ 58%] Built target motion_specification_interfaces__rosidl_typesupport_introspection_c
[ 58%] Built target motion_specification_interfaces__rosidl_typesupport_c
[ 61%] [32mBuilding CXX object CMakeFiles/motion_specification_interfaces__rosidl_typesupport_fastrtps_c.dir/rosidl_typesupport_fastrtps_c/motion_specification_interfaces/action/detail/motion_specification__type_support_c.cpp.o[0m
[ 64%] [32m[1mLinking CXX shared library libmotion_specification_interfaces__rosidl_typesupport_cpp.so[0m
[ 64%] Built target motion_specification_interfaces__rosidl_typesupport_cpp
[ 67%] [32m[1mLinking CXX shared library libmotion_specification_interfaces__rosidl_typesupport_introspection_cpp.so[0m
[ 67%] Built target motion_specification_interfaces__rosidl_typesupport_introspection_cpp
[ 70%] [32m[1mLinking CXX shared library libmotion_specification_interfaces__rosidl_typesupport_fastrtps_c.so[0m
[ 70%] Built target motion_specification_interfaces__rosidl_typesupport_fastrtps_c
[ 73%] [32m[1mLinking CXX shared library libmotion_specification_interfaces__rosidl_typesupport_fastrtps_cpp.so[0m
[ 73%] Built target motion_specification_interfaces__rosidl_typesupport_fastrtps_cpp
[ 73%] Built target motion_specification_interfaces
[ 76%] [34m[1mGenerating Python code for ROS interfaces[0m
[ 76%] Built target motion_specification_interfaces__py
[ 79%] [32mBuilding C object CMakeFiles/motion_specification_interfaces__rosidl_generator_py.dir/rosidl_generator_py/motion_specification_interfaces/action/_motion_specification_s.c.o[0m
[ 82%] [32m[1mLinking C shared library libmotion_specification_interfaces__rosidl_generator_py.so[0m
[ 82%] Built target motion_specification_interfaces__rosidl_generator_py
[ 88%] [32mBuilding C object CMakeFiles/motion_specification_interfaces_s__rosidl_typesupport_introspection_c.dir/rosidl_generator_py/motion_specification_interfaces/_motion_specification_interfaces_s.ep.rosidl_typesupport_introspection_c.c.o[0m
[ 88%] [32mBuilding C object CMakeFiles/motion_specification_interfaces_s__rosidl_typesupport_c.dir/rosidl_generator_py/motion_specification_interfaces/_motion_specification_interfaces_s.ep.rosidl_typesupport_c.c.o[0m
[ 91%] [32mBuilding C object CMakeFiles/motion_specification_interfaces_s__rosidl_typesupport_fastrtps_c.dir/rosidl_generator_py/motion_specification_interfaces/_motion_specification_interfaces_s.ep.rosidl_typesupport_fastrtps_c.c.o[0m
[ 94%] [32m[1mLinking C shared module rosidl_generator_py/motion_specification_interfaces/motion_specification_interfaces_s__rosidl_typesupport_c.so[0m
[ 97%] [32m[1mLinking C shared module rosidl_generator_py/motion_specification_interfaces/motion_specification_interfaces_s__rosidl_typesupport_introspection_c.so[0m
[100%] [32m[1mLinking C shared module rosidl_generator_py/motion_specification_interfaces/motion_specification_interfaces_s__rosidl_typesupport_fastrtps_c.so[0m
[100%] Built target motion_specification_interfaces_s__rosidl_typesupport_introspection_c
[100%] Built target motion_specification_interfaces_s__rosidl_typesupport_c
[100%] Built target motion_specification_interfaces_s__rosidl_typesupport_fastrtps_c
-- Install configuration: ""
-- Installing: /home/linux/Master-thesis/Project-Code/ros2_ws/src/freddy_single_arm_control/install/motion_specification_interfaces/share/ament_index/resource_index/rosidl_interfaces/motion_specification_interfaces
-- Installing: /home/linux/Master-thesis/Project-Code/ros2_ws/src/freddy_single_arm_control/install/motion_specification_interfaces/share/motion_specification_interfaces/action/MotionSpecification.json
-- Installing: /home/linux/Master-thesis/Project-Code/ros2_ws/src/freddy_single_arm_control/install/motion_specification_interfaces/include/motion_specification_interfaces/motion_specification_interfaces
-- Installing: /home/linux/Master-thesis/Project-Code/ros2_ws/src/freddy_single_arm_control/install/motion_specification_interfaces/include/motion_specification_interfaces/motion_specification_interfaces/msg
-- Installing: /home/linux/Master-thesis/Project-Code/ros2_ws/src/freddy_single_arm_control/install/motion_specification_interfaces/include/motion_specification_interfaces/motion_specification_interfaces/msg/rosidl_generator_c__visibility_control.h
-- Installing: /home/linux/Master-thesis/Project-Code/ros2_ws/src/freddy_single_arm_control/install/motion_specification_interfaces/include/motion_specification_interfaces/motion_specification_interfaces/action
-- Installing: /home/linux/Master-thesis/Project-Code/ros2_ws/src/freddy_single_arm_control/install/motion_specification_interfaces/include/motion_specification_interfaces/motion_specification_interfaces/action/detail
-- Installing: /home/linux/Master-thesis/Project-Code/ros2_ws/src/freddy_single_arm_control/install/motion_specification_interfaces/include/motion_specification_interfaces/motion_specification_interfaces/action/detail/motion_specification__functions.h
-- Installing: /home/linux/Master-thesis/Project-Code/ros2_ws/src/freddy_single_arm_control/install/motion_specification_interfaces/include/motion_specification_interfaces/motion_specification_interfaces/action/detail/motion_specification__functions.c
-- Installing: /home/linux/Master-thesis/Project-Code/ros2_ws/src/freddy_single_arm_control/install/motion_specification_interfaces/include/motion_specification_interfaces/motion_specification_interfaces/action/detail/motion_specification__type_support.h
-- Installing: /home/linux/Master-thesis/Project-Code/ros2_ws/src/freddy_single_arm_control/install/motion_specification_interfaces/include/motion_specification_interfaces/motion_specification_interfaces/action/detail/motion_specification__type_support.c
-- Installing: /home/linux/Master-thesis/Project-Code/ros2_ws/src/freddy_single_arm_control/install/motion_specification_interfaces/include/motion_specification_interfaces/motion_specification_interfaces/action/detail/motion_specification__struct.h
-- Installing: /home/linux/Master-thesis/Project-Code/ros2_ws/src/freddy_single_arm_control/install/motion_specification_interfaces/include/motion_specification_interfaces/motion_specification_interfaces/action/detail/motion_specification__description.c
-- Installing: /home/linux/Master-thesis/Project-Code/ros2_ws/src/freddy_single_arm_control/install/motion_specification_interfaces/include/motion_specification_interfaces/motion_specification_interfaces/action/motion_specification.h
-- Installing: /home/linux/Master-thesis/Project-Code/ros2_ws/src/freddy_single_arm_control/install/motion_specification_interfaces/share/motion_specification_interfaces/environment/library_path.sh
-- Installing: /home/linux/Master-thesis/Project-Code/ros2_ws/src/freddy_single_arm_control/install/motion_specification_interfaces/share/motion_specification_interfaces/environment/library_path.dsv
-- Installing: /home/linux/Master-thesis/Project-Code/ros2_ws/src/freddy_single_arm_control/install/motion_specification_interfaces/lib/libmotion_specification_interfaces__rosidl_generator_c.so
-- Set non-toolchain portion of runtime path of "/home/linux/Master-thesis/Project-Code/ros2_ws/src/freddy_single_arm_control/install/motion_specification_interfaces/lib/libmotion_specification_interfaces__rosidl_generator_c.so" to ""
-- Up-to-date: /home/linux/Master-thesis/Project-Code/ros2_ws/src/freddy_single_arm_control/install/motion_specification_interfaces/include/motion_specification_interfaces/motion_specification_interfaces
-- Up-to-date: /home/linux/Master-thesis/Project-Code/ros2_ws/src/freddy_single_arm_control/install/motion_specification_interfaces/include/motion_specification_interfaces/motion_specification_interfaces/msg
-- Installing: /home/linux/Master-thesis/Project-Code/ros2_ws/src/freddy_single_arm_control/install/motion_specification_interfaces/include/motion_specification_interfaces/motion_specification_interfaces/msg/rosidl_typesupport_fastrtps_c__visibility_control.h
-- Up-to-date: /home/linux/Master-thesis/Project-Code/ros2_ws/src/freddy_single_arm_control/install/motion_specification_interfaces/include/motion_specification_interfaces/motion_specification_interfaces/action
-- Up-to-date: /home/linux/Master-thesis/Project-Code/ros2_ws/src/freddy_single_arm_control/install/motion_specification_interfaces/include/motion_specification_interfaces/motion_specification_interfaces/action/detail
-- Installing: /home/linux/Master-thesis/Project-Code/ros2_ws/src/freddy_single_arm_control/install/motion_specification_interfaces/include/motion_specification_interfaces/motion_specification_interfaces/action/detail/motion_specification__rosidl_typesupport_fastrtps_c.h
-- Installing: /home/linux/Master-thesis/Project-Code/ros2_ws/src/freddy_single_arm_control/install/motion_specification_interfaces/lib/libmotion_specification_interfaces__rosidl_typesupport_fastrtps_c.so
-- Set non-toolchain portion of runtime path of "/home/linux/Master-thesis/Project-Code/ros2_ws/src/freddy_single_arm_control/install/motion_specification_interfaces/lib/libmotion_specification_interfaces__rosidl_typesupport_fastrtps_c.so" to ""
-- Up-to-date: /home/linux/Master-thesis/Project-Code/ros2_ws/src/freddy_single_arm_control/install/motion_specification_interfaces/include/motion_specification_interfaces/motion_specification_interfaces
-- Up-to-date: /home/linux/Master-thesis/Project-Code/ros2_ws/src/freddy_single_arm_control/install/motion_specification_interfaces/include/motion_specification_interfaces/motion_specification_interfaces/msg
-- Installing: /home/linux/Master-thesis/Project-Code/ros2_ws/src/freddy_single_arm_control/install/motion_specification_interfaces/include/motion_specification_interfaces/motion_specification_interfaces/msg/rosidl_typesupport_introspection_c__visibility_control.h
-- Up-to-date: /home/linux/Master-thesis/Project-Code/ros2_ws/src/freddy_single_arm_control/install/motion_specification_interfaces/include/motion_specification_interfaces/motion_specification_interfaces/action
-- Up-to-date: /home/linux/Master-thesis/Project-Code/ros2_ws/src/freddy_single_arm_control/install/motion_specification_interfaces/include/motion_specification_interfaces/motion_specification_interfaces/action/detail
-- Installing: /home/linux/Master-thesis/Project-Code/ros2_ws/src/freddy_single_arm_control/install/motion_specification_interfaces/include/motion_specification_interfaces/motion_specification_interfaces/action/detail/motion_specification__rosidl_typesupport_introspection_c.h
-- Up-to-date: /home/linux/Master-thesis/Project-Code/ros2_ws/src/freddy_single_arm_control/install/motion_specification_interfaces/include/motion_specification_interfaces/motion_specification_interfaces/action/detail/motion_specification__type_support.c
-- Installing: /home/linux/Master-thesis/Project-Code/ros2_ws/src/freddy_single_arm_control/install/motion_specification_interfaces/lib/libmotion_specification_interfaces__rosidl_typesupport_introspection_c.so
-- Set non-toolchain portion of runtime path of "/home/linux/Master-thesis/Project-Code/ros2_ws/src/freddy_single_arm_control/install/motion_specification_interfaces/lib/libmotion_specification_interfaces__rosidl_typesupport_introspection_c.so" to ""
-- Installing: /home/linux/Master-thesis/Project-Code/ros2_ws/src/freddy_single_arm_control/install/motion_specification_interfaces/lib/libmotion_specification_interfaces__rosidl_typesupport_c.so
-- Set non-toolchain portion of runtime path of "/home/linux/Master-thesis/Project-Code/ros2_ws/src/freddy_single_arm_control/install/motion_specification_interfaces/lib/libmotion_specification_interfaces__rosidl_typesupport_c.so" to ""
-- Up-to-date: /home/linux/Master-thesis/Project-Code/ros2_ws/src/freddy_single_arm_control/install/motion_specification_interfaces/include/motion_specification_interfaces/motion_specification_interfaces
-- Up-to-date: /home/linux/Master-thesis/Project-Code/ros2_ws/src/freddy_single_arm_control/install/motion_specification_interfaces/include/motion_specification_interfaces/motion_specification_interfaces/msg
-- Installing: /home/linux/Master-thesis/Project-Code/ros2_ws/src/freddy_single_arm_control/install/motion_specification_interfaces/include/motion_specification_interfaces/motion_specification_interfaces/msg/rosidl_generator_cpp__visibility_control.hpp
-- Up-to-date: /home/linux/Master-thesis/Project-Code/ros2_ws/src/freddy_single_arm_control/install/motion_specification_interfaces/include/motion_specification_interfaces/motion_specification_interfaces/action
-- Installing: /home/linux/Master-thesis/Project-Code/ros2_ws/src/freddy_single_arm_control/install/motion_specification_interfaces/include/motion_specification_interfaces/motion_specification_interfaces/action/motion_specification.hpp
-- Up-to-date: /home/linux/Master-thesis/Project-Code/ros2_ws/src/freddy_single_arm_control/install/motion_specification_interfaces/include/motion_specification_interfaces/motion_specification_interfaces/action/detail
-- Installing: /home/linux/Master-thesis/Project-Code/ros2_ws/src/freddy_single_arm_control/install/motion_specification_interfaces/include/motion_specification_interfaces/motion_specification_interfaces/action/detail/motion_specification__type_support.hpp
-- Installing: /home/linux/Master-thesis/Project-Code/ros2_ws/src/freddy_single_arm_control/install/motion_specification_interfaces/include/motion_specification_interfaces/motion_specification_interfaces/action/detail/motion_specification__struct.hpp
-- Installing: /home/linux/Master-thesis/Project-Code/ros2_ws/src/freddy_single_arm_control/install/motion_specification_interfaces/include/motion_specification_interfaces/motion_specification_interfaces/action/detail/motion_specification__builder.hpp
-- Installing: /home/linux/Master-thesis/Project-Code/ros2_ws/src/freddy_single_arm_control/install/motion_specification_interfaces/include/motion_specification_interfaces/motion_specification_interfaces/action/detail/motion_specification__traits.hpp
-- Up-to-date: /home/linux/Master-thesis/Project-Code/ros2_ws/src/freddy_single_arm_control/install/motion_specification_interfaces/include/motion_specification_interfaces/motion_specification_interfaces
-- Up-to-date: /home/linux/Master-thesis/Project-Code/ros2_ws/src/freddy_single_arm_control/install/motion_specification_interfaces/include/motion_specification_interfaces/motion_specification_interfaces/msg
-- Installing: /home/linux/Master-thesis/Project-Code/ros2_ws/src/freddy_single_arm_control/install/motion_specification_interfaces/include/motion_specification_interfaces/motion_specification_interfaces/msg/rosidl_typesupport_fastrtps_cpp__visibility_control.h
-- Up-to-date: /home/linux/Master-thesis/Project-Code/ros2_ws/src/freddy_single_arm_control/install/motion_specification_interfaces/include/motion_specification_interfaces/motion_specification_interfaces/action
-- Up-to-date: /home/linux/Master-thesis/Project-Code/ros2_ws/src/freddy_single_arm_control/install/motion_specification_interfaces/include/motion_specification_interfaces/motion_specification_interfaces/action/detail
-- Installing: /home/linux/Master-thesis/Project-Code/ros2_ws/src/freddy_single_arm_control/install/motion_specification_interfaces/include/motion_specification_interfaces/motion_specification_interfaces/action/detail/motion_specification__rosidl_typesupport_fastrtps_cpp.hpp
-- Installing: /home/linux/Master-thesis/Project-Code/ros2_ws/src/freddy_single_arm_control/install/motion_specification_interfaces/include/motion_specification_interfaces/motion_specification_interfaces/action/detail/dds_fastrtps
-- Installing: /home/linux/Master-thesis/Project-Code/ros2_ws/src/freddy_single_arm_control/install/motion_specification_interfaces/lib/libmotion_specification_interfaces__rosidl_typesupport_fastrtps_cpp.so
-- Set non-toolchain portion of runtime path of "/home/linux/Master-thesis/Project-Code/ros2_ws/src/freddy_single_arm_control/install/motion_specification_interfaces/lib/libmotion_specification_interfaces__rosidl_typesupport_fastrtps_cpp.so" to ""
-- Up-to-date: /home/linux/Master-thesis/Project-Code/ros2_ws/src/freddy_single_arm_control/install/motion_specification_interfaces/include/motion_specification_interfaces/motion_specification_interfaces
-- Up-to-date: /home/linux/Master-thesis/Project-Code/ros2_ws/src/freddy_single_arm_control/install/motion_specification_interfaces/include/motion_specification_interfaces/motion_specification_interfaces/action
-- Up-to-date: /home/linux/Master-thesis/Project-Code/ros2_ws/src/freddy_single_arm_control/install/motion_specification_interfaces/include/motion_specification_interfaces/motion_specification_interfaces/action/detail
-- Installing: /home/linux/Master-thesis/Project-Code/ros2_ws/src/freddy_single_arm_control/install/motion_specification_interfaces/include/motion_specification_interfaces/motion_specification_interfaces/action/detail/motion_specification__type_support.cpp
-- Installing: /home/linux/Master-thesis/Project-Code/ros2_ws/src/freddy_single_arm_control/install/motion_specification_interfaces/include/motion_specification_interfaces/motion_specification_interfaces/action/detail/motion_specification__rosidl_typesupport_introspection_cpp.hpp
-- Installing: /home/linux/Master-thesis/Project-Code/ros2_ws/src/freddy_single_arm_control/install/motion_specification_interfaces/lib/libmotion_specification_interfaces__rosidl_typesupport_introspection_cpp.so
-- Set non-toolchain portion of runtime path of "/home/linux/Master-thesis/Project-Code/ros2_ws/src/freddy_single_arm_control/install/motion_specification_interfaces/lib/libmotion_specification_interfaces__rosidl_typesupport_introspection_cpp.so" to ""
-- Installing: /home/linux/Master-thesis/Project-Code/ros2_ws/src/freddy_single_arm_control/install/motion_specification_interfaces/lib/libmotion_specification_interfaces__rosidl_typesupport_cpp.so
-- Set non-toolchain portion of runtime path of "/home/linux/Master-thesis/Project-Code/ros2_ws/src/freddy_single_arm_control/install/motion_specification_interfaces/lib/libmotion_specification_interfaces__rosidl_typesupport_cpp.so" to ""
-- Installing: /home/linux/Master-thesis/Project-Code/ros2_ws/src/freddy_single_arm_control/install/motion_specification_interfaces/share/motion_specification_interfaces/environment/pythonpath.sh
-- Installing: /home/linux/Master-thesis/Project-Code/ros2_ws/src/freddy_single_arm_control/install/motion_specification_interfaces/share/motion_specification_interfaces/environment/pythonpath.dsv
-- Installing: /home/linux/Master-thesis/Project-Code/ros2_ws/src/freddy_single_arm_control/install/motion_specification_interfaces/lib/python3.12/site-packages/motion_specification_interfaces-0.0.0-py3.12.egg-info
-- Installing: /home/linux/Master-thesis/Project-Code/ros2_ws/src/freddy_single_arm_control/install/motion_specification_interfaces/lib/python3.12/site-packages/motion_specification_interfaces-0.0.0-py3.12.egg-info/SOURCES.txt
-- Installing: /home/linux/Master-thesis/Project-Code/ros2_ws/src/freddy_single_arm_control/install/motion_specification_interfaces/lib/python3.12/site-packages/motion_specification_interfaces-0.0.0-py3.12.egg-info/dependency_links.txt
-- Installing: /home/linux/Master-thesis/Project-Code/ros2_ws/src/freddy_single_arm_control/install/motion_specification_interfaces/lib/python3.12/site-packages/motion_specification_interfaces-0.0.0-py3.12.egg-info/top_level.txt
-- Installing: /home/linux/Master-thesis/Project-Code/ros2_ws/src/freddy_single_arm_control/install/motion_specification_interfaces/lib/python3.12/site-packages/motion_specification_interfaces-0.0.0-py3.12.egg-info/PKG-INFO
-- Installing: /home/linux/Master-thesis/Project-Code/ros2_ws/src/freddy_single_arm_control/install/motion_specification_interfaces/lib/python3.12/site-packages/motion_specification_interfaces
-- Installing: /home/linux/Master-thesis/Project-Code/ros2_ws/src/freddy_single_arm_control/install/motion_specification_interfaces/lib/python3.12/site-packages/motion_specification_interfaces/motion_specification_interfaces_s__rosidl_typesupport_c.so
-- Installing: /home/linux/Master-thesis/Project-Code/ros2_ws/src/freddy_single_arm_control/install/motion_specification_interfaces/lib/python3.12/site-packages/motion_specification_interfaces/motion_specification_interfaces_s__rosidl_typesupport_fastrtps_c.so
-- Installing: /home/linux/Master-thesis/Project-Code/ros2_ws/src/freddy_single_arm_control/install/motion_specification_interfaces/lib/python3.12/site-packages/motion_specification_interfaces/_motion_specification_interfaces_s.ep.rosidl_typesupport_c.c
-- Installing: /home/linux/Master-thesis/Project-Code/ros2_ws/src/freddy_single_arm_control/install/motion_specification_interfaces/lib/python3.12/site-packages/motion_specification_interfaces/__init__.py
-- Installing: /home/linux/Master-thesis/Project-Code/ros2_ws/src/freddy_single_arm_control/install/motion_specification_interfaces/lib/python3.12/site-packages/motion_specification_interfaces/_motion_specification_interfaces_s.ep.rosidl_typesupport_fastrtps_c.c
-- Installing: /home/linux/Master-thesis/Project-Code/ros2_ws/src/freddy_single_arm_control/install/motion_specification_interfaces/lib/python3.12/site-packages/motion_specification_interfaces/action
-- Installing: /home/linux/Master-thesis/Project-Code/ros2_ws/src/freddy_single_arm_control/install/motion_specification_interfaces/lib/python3.12/site-packages/motion_specification_interfaces/action/__init__.py
-- Installing: /home/linux/Master-thesis/Project-Code/ros2_ws/src/freddy_single_arm_control/install/motion_specification_interfaces/lib/python3.12/site-packages/motion_specification_interfaces/action/_motion_specification_s.c
-- Installing: /home/linux/Master-thesis/Project-Code/ros2_ws/src/freddy_single_arm_control/install/motion_specification_interfaces/lib/python3.12/site-packages/motion_specification_interfaces/action/_motion_specification.py
-- Installing: /home/linux/Master-thesis/Project-Code/ros2_ws/src/freddy_single_arm_control/install/motion_specification_interfaces/lib/python3.12/site-packages/motion_specification_interfaces/motion_specification_interfaces_s__rosidl_typesupport_introspection_c.so
-- Installing: /home/linux/Master-thesis/Project-Code/ros2_ws/src/freddy_single_arm_control/install/motion_specification_interfaces/lib/python3.12/site-packages/motion_specification_interfaces/_motion_specification_interfaces_s.ep.rosidl_typesupport_introspection_c.c
Listing '/home/linux/Master-thesis/Project-Code/ros2_ws/src/freddy_single_arm_control/install/motion_specification_interfaces/lib/python3.12/site-packages/motion_specification_interfaces'...
Compiling '/home/linux/Master-thesis/Project-Code/ros2_ws/src/freddy_single_arm_control/install/motion_specification_interfaces/lib/python3.12/site-packages/motion_specification_interfaces/__init__.py'...
Listing '/home/linux/Master-thesis/Project-Code/ros2_ws/src/freddy_single_arm_control/install/motion_specification_interfaces/lib/python3.12/site-packages/motion_specification_interfaces/action'...
Compiling '/home/linux/Master-thesis/Project-Code/ros2_ws/src/freddy_single_arm_control/install/motion_specification_interfaces/lib/python3.12/site-packages/motion_specification_interfaces/action/__init__.py'...
Compiling '/home/linux/Master-thesis/Project-Code/ros2_ws/src/freddy_single_arm_control/install/motion_specification_interfaces/lib/python3.12/site-packages/motion_specification_interfaces/action/_motion_specification.py'...
-- Installing: /home/linux/Master-thesis/Project-Code/ros2_ws/src/freddy_single_arm_control/install/motion_specification_interfaces/lib/python3.12/site-packages/motion_specification_interfaces/motion_specification_interfaces_s__rosidl_typesupport_fastrtps_c.so
-- Set non-toolchain portion of runtime path of "/home/linux/Master-thesis/Project-Code/ros2_ws/src/freddy_single_arm_control/install/motion_specification_interfaces/lib/python3.12/site-packages/motion_specification_interfaces/motion_specification_interfaces_s__rosidl_typesupport_fastrtps_c.so" to ""
-- Installing: /home/linux/Master-thesis/Project-Code/ros2_ws/src/freddy_single_arm_control/install/motion_specification_interfaces/lib/python3.12/site-packages/motion_specification_interfaces/motion_specification_interfaces_s__rosidl_typesupport_introspection_c.so
-- Set non-toolchain portion of runtime path of "/home/linux/Master-thesis/Project-Code/ros2_ws/src/freddy_single_arm_control/install/motion_specification_interfaces/lib/python3.12/site-packages/motion_specification_interfaces/motion_specification_interfaces_s__rosidl_typesupport_introspection_c.so" to ""
-- Installing: /home/linux/Master-thesis/Project-Code/ros2_ws/src/freddy_single_arm_control/install/motion_specification_interfaces/lib/python3.12/site-packages/motion_specification_interfaces/motion_specification_interfaces_s__rosidl_typesupport_c.so
-- Set non-toolchain portion of runtime path of "/home/linux/Master-thesis/Project-Code/ros2_ws/src/freddy_single_arm_control/install/motion_specification_interfaces/lib/python3.12/site-packages/motion_specification_interfaces/motion_specification_interfaces_s__rosidl_typesupport_c.so" to ""
-- Installing: /home/linux/Master-thesis/Project-Code/ros2_ws/src/freddy_single_arm_control/install/motion_specification_interfaces/lib/libmotion_specification_interfaces__rosidl_generator_py.so
-- Set non-toolchain portion of runtime path of "/home/linux/Master-thesis/Project-Code/ros2_ws/src/freddy_single_arm_control/install/motion_specification_interfaces/lib/libmotion_specification_interfaces__rosidl_generator_py.so" to ""
-- Installing: /home/linux/Master-thesis/Project-Code/ros2_ws/src/freddy_single_arm_control/install/motion_specification_interfaces/share/motion_specification_interfaces/action/MotionSpecification.idl
-- Installing: /home/linux/Master-thesis/Project-Code/ros2_ws/src/freddy_single_arm_control/install/motion_specification_interfaces/share/motion_specification_interfaces/action/MotionSpecification.action
-- Installing: /home/linux/Master-thesis/Project-Code/ros2_ws/src/freddy_single_arm_control/install/motion_specification_interfaces/share/ament_index/resource_index/package_run_dependencies/motion_specification_interfaces
-- Installing: /home/linux/Master-thesis/Project-Code/ros2_ws/src/freddy_single_arm_control/install/motion_specification_interfaces/share/ament_index/resource_index/parent_prefix_path/motion_specification_interfaces
-- Installing: /home/linux/Master-thesis/Project-Code/ros2_ws/src/freddy_single_arm_control/install/motion_specification_interfaces/share/motion_specification_interfaces/environment/ament_prefix_path.sh
-- Installing: /home/linux/Master-thesis/Project-Code/ros2_ws/src/freddy_single_arm_control/install/motion_specification_interfaces/share/motion_specification_interfaces/environment/ament_prefix_path.dsv
-- Installing: /home/linux/Master-thesis/Project-Code/ros2_ws/src/freddy_single_arm_control/install/motion_specification_interfaces/share/motion_specification_interfaces/environment/path.sh
-- Installing: /home/linux/Master-thesis/Project-Code/ros2_ws/src/freddy_single_arm_control/install/motion_specification_interfaces/share/motion_specification_interfaces/environment/path.dsv
-- Installing: /home/linux/Master-thesis/Project-Code/ros2_ws/src/freddy_single_arm_control/install/motion_specification_interfaces/share/motion_specification_interfaces/local_setup.bash
-- Installing: /home/linux/Master-thesis/Project-Code/ros2_ws/src/freddy_single_arm_control/install/motion_specification_interfaces/share/motion_specification_interfaces/local_setup.sh
-- Installing: /home/linux/Master-thesis/Project-Code/ros2_ws/src/freddy_single_arm_control/install/motion_specification_interfaces/share/motion_specification_interfaces/local_setup.zsh
-- Installing: /home/linux/Master-thesis/Project-Code/ros2_ws/src/freddy_single_arm_control/install/motion_specification_interfaces/share/motion_specification_interfaces/local_setup.dsv
-- Installing: /home/linux/Master-thesis/Project-Code/ros2_ws/src/freddy_single_arm_control/install/motion_specification_interfaces/share/motion_specification_interfaces/package.dsv
-- Installing: /home/linux/Master-thesis/Project-Code/ros2_ws/src/freddy_single_arm_control/install/motion_specification_interfaces/share/ament_index/resource_index/packages/motion_specification_interfaces
-- Installing: /home/linux/Master-thesis/Project-Code/ros2_ws/src/freddy_single_arm_control/install/motion_specification_interfaces/share/motion_specification_interfaces/cmake/export_motion_specification_interfaces__rosidl_generator_cExport.cmake
-- Installing: /home/linux/Master-thesis/Project-Code/ros2_ws/src/freddy_single_arm_control/install/motion_specification_interfaces/share/motion_specification_interfaces/cmake/export_motion_specification_interfaces__rosidl_generator_cExport-noconfig.cmake
-- Installing: /home/linux/Master-thesis/Project-Code/ros2_ws/src/freddy_single_arm_control/install/motion_specification_interfaces/share/motion_specification_interfaces/cmake/export_motion_specification_interfaces__rosidl_typesupport_fastrtps_cExport.cmake
-- Installing: /home/linux/Master-thesis/Project-Code/ros2_ws/src/freddy_single_arm_control/install/motion_specification_interfaces/share/motion_specification_interfaces/cmake/export_motion_specification_interfaces__rosidl_typesupport_fastrtps_cExport-noconfig.cmake
-- Installing: /home/linux/Master-thesis/Project-Code/ros2_ws/src/freddy_single_arm_control/install/motion_specification_interfaces/share/motion_specification_interfaces/cmake/motion_specification_interfaces__rosidl_typesupport_introspection_cExport.cmake
-- Installing: /home/linux/Master-thesis/Project-Code/ros2_ws/src/freddy_single_arm_control/install/motion_specification_interfaces/share/motion_specification_interfaces/cmake/motion_specification_interfaces__rosidl_typesupport_introspection_cExport-noconfig.cmake
-- Installing: /home/linux/Master-thesis/Project-Code/ros2_ws/src/freddy_single_arm_control/install/motion_specification_interfaces/share/motion_specification_interfaces/cmake/motion_specification_interfaces__rosidl_typesupport_cExport.cmake
-- Installing: /home/linux/Master-thesis/Project-Code/ros2_ws/src/freddy_single_arm_control/install/motion_specification_interfaces/share/motion_specification_interfaces/cmake/motion_specification_interfaces__rosidl_typesupport_cExport-noconfig.cmake
-- Installing: /home/linux/Master-thesis/Project-Code/ros2_ws/src/freddy_single_arm_control/install/motion_specification_interfaces/share/motion_specification_interfaces/cmake/export_motion_specification_interfaces__rosidl_generator_cppExport.cmake
-- Installing: /home/linux/Master-thesis/Project-Code/ros2_ws/src/freddy_single_arm_control/install/motion_specification_interfaces/share/motion_specification_interfaces/cmake/export_motion_specification_interfaces__rosidl_typesupport_fastrtps_cppExport.cmake
-- Installing: /home/linux/Master-thesis/Project-Code/ros2_ws/src/freddy_single_arm_control/install/motion_specification_interfaces/share/motion_specification_interfaces/cmake/export_motion_specification_interfaces__rosidl_typesupport_fastrtps_cppExport-noconfig.cmake
-- Installing: /home/linux/Master-thesis/Project-Code/ros2_ws/src/freddy_single_arm_control/install/motion_specification_interfaces/share/motion_specification_interfaces/cmake/motion_specification_interfaces__rosidl_typesupport_introspection_cppExport.cmake
-- Installing: /home/linux/Master-thesis/Project-Code/ros2_ws/src/freddy_single_arm_control/install/motion_specification_interfaces/share/motion_specification_interfaces/cmake/motion_specification_interfaces__rosidl_typesupport_introspection_cppExport-noconfig.cmake
-- Installing: /home/linux/Master-thesis/Project-Code/ros2_ws/src/freddy_single_arm_control/install/motion_specification_interfaces/share/motion_specification_interfaces/cmake/motion_specification_interfaces__rosidl_typesupport_cppExport.cmake
-- Installing: /home/linux/Master-thesis/Project-Code/ros2_ws/src/freddy_single_arm_control/install/motion_specification_interfaces/share/motion_specification_interfaces/cmake/motion_specification_interfaces__rosidl_typesupport_cppExport-noconfig.cmake
-- Installing: /home/linux/Master-thesis/Project-Code/ros2_ws/src/freddy_single_arm_control/install/motion_specification_interfaces/share/motion_specification_interfaces/cmake/export_motion_specification_interfaces__rosidl_generator_pyExport.cmake
-- Installing: /home/linux/Master-thesis/Project-Code/ros2_ws/src/freddy_single_arm_control/install/motion_specification_interfaces/share/motion_specification_interfaces/cmake/export_motion_specification_interfaces__rosidl_generator_pyExport-noconfig.cmake
-- Installing: /home/linux/Master-thesis/Project-Code/ros2_ws/src/freddy_single_arm_control/install/motion_specification_interfaces/share/motion_specification_interfaces/cmake/rosidl_cmake-extras.cmake
-- Installing: /home/linux/Master-thesis/Project-Code/ros2_ws/src/freddy_single_arm_control/install/motion_specification_interfaces/share/motion_specification_interfaces/cmake/ament_cmake_export_dependencies-extras.cmake
-- Installing: /home/linux/Master-thesis/Project-Code/ros2_ws/src/freddy_single_arm_control/install/motion_specification_interfaces/share/motion_specification_interfaces/cmake/ament_cmake_export_include_directories-extras.cmake
-- Installing: /home/linux/Master-thesis/Project-Code/ros2_ws/src/freddy_single_arm_control/install/motion_specification_interfaces/share/motion_specification_interfaces/cmake/ament_cmake_export_libraries-extras.cmake
-- Installing: /home/linux/Master-thesis/Project-Code/ros2_ws/src/freddy_single_arm_control/install/motion_specification_interfaces/share/motion_specification_interfaces/cmake/ament_cmake_export_targets-extras.cmake
-- Installing: /home/linux/Master-thesis/Project-Code/ros2_ws/src/freddy_single_arm_control/install/motion_specification_interfaces/share/motion_specification_interfaces/cmake/rosidl_cmake_export_typesupport_targets-extras.cmake
-- Installing: /home/linux/Master-thesis/Project-Code/ros2_ws/src/freddy_single_arm_control/install/motion_specification_interfaces/share/motion_specification_interfaces/cmake/rosidl_cmake_export_typesupport_libraries-extras.cmake
-- Installing: /home/linux/Master-thesis/Project-Code/ros2_ws/src/freddy_single_arm_control/install/motion_specification_interfaces/share/motion_specification_interfaces/cmake/motion_specification_interfacesConfig.cmake
-- Installing: /home/linux/Master-thesis/Project-Code/ros2_ws/src/freddy_single_arm_control/install/motion_specification_interfaces/share/motion_specification_interfaces/cmake/motion_specification_interfacesConfig-version.cmake
-- Installing: /home/linux/Master-thesis/Project-Code/ros2_ws/src/freddy_single_arm_control/install/motion_specification_interfaces/share/motion_specification_interfaces/package.xml
