[0.010s] Invoking command in '/home/linux/Master-thesis/Project-Code/ros2_ws/src/freddy_single_arm_control/build/motion_specification_interfaces': CMAKE_PREFIX_PATH=${CMAKE_PREFIX_PATH}:/home/linux/Master-thesis/Project-Code/ros2_ws/install/robot_controller2:/opt/ros/jazzy DEBUGINFOD_URLS=https://debuginfod.ubuntu.com /usr/bin/cmake --build /home/linux/Master-thesis/Project-Code/ros2_ws/src/freddy_single_arm_control/build/motion_specification_interfaces -- -j12 -l12
[0.050s] [  2%] Built target motion_specification_interfaces__rosidl_generator_type_description
[0.059s] [  2%] Built target ament_cmake_python_copy_motion_specification_interfaces
[0.067s] [  5%] Built target motion_specification_interfaces__cpp
[0.067s] [ 20%] Built target motion_specification_interfaces__rosidl_generator_c
[0.091s] [ 29%] Built target motion_specification_interfaces__rosidl_typesupport_introspection_c
[0.092s] [ 38%] Built target motion_specification_interfaces__rosidl_typesupport_c
[0.096s] [ 55%] Built target motion_specification_interfaces__rosidl_typesupport_cpp
[0.096s] [ 55%] Built target motion_specification_interfaces__rosidl_typesupport_fastrtps_c
[0.098s] [ 64%] Built target motion_specification_interfaces__rosidl_typesupport_fastrtps_cpp
[0.100s] [ 73%] Built target motion_specification_interfaces__rosidl_typesupport_introspection_cpp
[0.115s] [ 73%] Built target motion_specification_interfaces
[0.132s] [ 76%] Built target motion_specification_interfaces__py
[0.154s] [ 82%] Built target motion_specification_interfaces__rosidl_generator_py
[0.170s] [ 88%] Built target motion_specification_interfaces_s__rosidl_typesupport_c
[0.173s] [ 94%] Built target motion_specification_interfaces_s__rosidl_typesupport_fastrtps_c
[0.176s] [100%] Built target motion_specification_interfaces_s__rosidl_typesupport_introspection_c
[0.211s] running egg_info
[0.222s] writing motion_specification_interfaces.egg-info/PKG-INFO
[0.222s] writing dependency_links to motion_specification_interfaces.egg-info/dependency_links.txt
[0.222s] writing top-level names to motion_specification_interfaces.egg-info/top_level.txt
[0.252s] reading manifest file 'motion_specification_interfaces.egg-info/SOURCES.txt'
[0.252s] writing manifest file 'motion_specification_interfaces.egg-info/SOURCES.txt'
[0.272s] [100%] Built target ament_cmake_python_build_motion_specification_interfaces_egg
[0.282s] Invoked command in '/home/linux/Master-thesis/Project-Code/ros2_ws/src/freddy_single_arm_control/build/motion_specification_interfaces' returned '0': CMAKE_PREFIX_PATH=${CMAKE_PREFIX_PATH}:/home/linux/Master-thesis/Project-Code/ros2_ws/install/robot_controller2:/opt/ros/jazzy DEBUGINFOD_URLS=https://debuginfod.ubuntu.com /usr/bin/cmake --build /home/linux/Master-thesis/Project-Code/ros2_ws/src/freddy_single_arm_control/build/motion_specification_interfaces -- -j12 -l12
[0.289s] Invoking command in '/home/linux/Master-thesis/Project-Code/ros2_ws/src/freddy_single_arm_control/build/motion_specification_interfaces': CMAKE_PREFIX_PATH=${CMAKE_PREFIX_PATH}:/home/linux/Master-thesis/Project-Code/ros2_ws/install/robot_controller2:/opt/ros/jazzy DEBUGINFOD_URLS=https://debuginfod.ubuntu.com /usr/bin/cmake --install /home/linux/Master-thesis/Project-Code/ros2_ws/src/freddy_single_arm_control/build/motion_specification_interfaces
[0.294s] -- Install configuration: ""
[0.294s] -- Up-to-date: /home/linux/Master-thesis/Project-Code/ros2_ws/src/freddy_single_arm_control/install/motion_specification_interfaces/share/ament_index/resource_index/rosidl_interfaces/motion_specification_interfaces
[0.294s] -- Up-to-date: /home/linux/Master-thesis/Project-Code/ros2_ws/src/freddy_single_arm_control/install/motion_specification_interfaces/share/motion_specification_interfaces/action/MotionSpecification.json
[0.294s] -- Up-to-date: /home/linux/Master-thesis/Project-Code/ros2_ws/src/freddy_single_arm_control/install/motion_specification_interfaces/include/motion_specification_interfaces/motion_specification_interfaces
[0.294s] -- Up-to-date: /home/linux/Master-thesis/Project-Code/ros2_ws/src/freddy_single_arm_control/install/motion_specification_interfaces/include/motion_specification_interfaces/motion_specification_interfaces/msg
[0.294s] -- Up-to-date: /home/linux/Master-thesis/Project-Code/ros2_ws/src/freddy_single_arm_control/install/motion_specification_interfaces/include/motion_specification_interfaces/motion_specification_interfaces/msg/rosidl_generator_c__visibility_control.h
[0.294s] -- Up-to-date: /home/linux/Master-thesis/Project-Code/ros2_ws/src/freddy_single_arm_control/install/motion_specification_interfaces/include/motion_specification_interfaces/motion_specification_interfaces/action
[0.295s] -- Up-to-date: /home/linux/Master-thesis/Project-Code/ros2_ws/src/freddy_single_arm_control/install/motion_specification_interfaces/include/motion_specification_interfaces/motion_specification_interfaces/action/detail
[0.295s] -- Up-to-date: /home/linux/Master-thesis/Project-Code/ros2_ws/src/freddy_single_arm_control/install/motion_specification_interfaces/include/motion_specification_interfaces/motion_specification_interfaces/action/detail/motion_specification__functions.h
[0.295s] -- Up-to-date: /home/linux/Master-thesis/Project-Code/ros2_ws/src/freddy_single_arm_control/install/motion_specification_interfaces/include/motion_specification_interfaces/motion_specification_interfaces/action/detail/motion_specification__functions.c
[0.295s] -- Up-to-date: /home/linux/Master-thesis/Project-Code/ros2_ws/src/freddy_single_arm_control/install/motion_specification_interfaces/include/motion_specification_interfaces/motion_specification_interfaces/action/detail/motion_specification__type_support.h
[0.295s] -- Up-to-date: /home/linux/Master-thesis/Project-Code/ros2_ws/src/freddy_single_arm_control/install/motion_specification_interfaces/include/motion_specification_interfaces/motion_specification_interfaces/action/detail/motion_specification__type_support.c
[0.295s] -- Up-to-date: /home/linux/Master-thesis/Project-Code/ros2_ws/src/freddy_single_arm_control/install/motion_specification_interfaces/include/motion_specification_interfaces/motion_specification_interfaces/action/detail/motion_specification__struct.h
[0.295s] -- Up-to-date: /home/linux/Master-thesis/Project-Code/ros2_ws/src/freddy_single_arm_control/install/motion_specification_interfaces/include/motion_specification_interfaces/motion_specification_interfaces/action/detail/motion_specification__description.c
[0.295s] -- Up-to-date: /home/linux/Master-thesis/Project-Code/ros2_ws/src/freddy_single_arm_control/install/motion_specification_interfaces/include/motion_specification_interfaces/motion_specification_interfaces/action/motion_specification.h
[0.295s] -- Up-to-date: /home/linux/Master-thesis/Project-Code/ros2_ws/src/freddy_single_arm_control/install/motion_specification_interfaces/share/motion_specification_interfaces/environment/library_path.sh
[0.295s] -- Up-to-date: /home/linux/Master-thesis/Project-Code/ros2_ws/src/freddy_single_arm_control/install/motion_specification_interfaces/share/motion_specification_interfaces/environment/library_path.dsv
[0.296s] -- Up-to-date: /home/linux/Master-thesis/Project-Code/ros2_ws/src/freddy_single_arm_control/install/motion_specification_interfaces/lib/libmotion_specification_interfaces__rosidl_generator_c.so
[0.296s] -- Up-to-date: /home/linux/Master-thesis/Project-Code/ros2_ws/src/freddy_single_arm_control/install/motion_specification_interfaces/include/motion_specification_interfaces/motion_specification_interfaces
[0.296s] -- Up-to-date: /home/linux/Master-thesis/Project-Code/ros2_ws/src/freddy_single_arm_control/install/motion_specification_interfaces/include/motion_specification_interfaces/motion_specification_interfaces/msg
[0.296s] -- Up-to-date: /home/linux/Master-thesis/Project-Code/ros2_ws/src/freddy_single_arm_control/install/motion_specification_interfaces/include/motion_specification_interfaces/motion_specification_interfaces/msg/rosidl_typesupport_fastrtps_c__visibility_control.h
[0.296s] -- Up-to-date: /home/linux/Master-thesis/Project-Code/ros2_ws/src/freddy_single_arm_control/install/motion_specification_interfaces/include/motion_specification_interfaces/motion_specification_interfaces/action
[0.296s] -- Up-to-date: /home/linux/Master-thesis/Project-Code/ros2_ws/src/freddy_single_arm_control/install/motion_specification_interfaces/include/motion_specification_interfaces/motion_specification_interfaces/action/detail
[0.296s] -- Up-to-date: /home/linux/Master-thesis/Project-Code/ros2_ws/src/freddy_single_arm_control/install/motion_specification_interfaces/include/motion_specification_interfaces/motion_specification_interfaces/action/detail/motion_specification__rosidl_typesupport_fastrtps_c.h
[0.296s] -- Up-to-date: /home/linux/Master-thesis/Project-Code/ros2_ws/src/freddy_single_arm_control/install/motion_specification_interfaces/lib/libmotion_specification_interfaces__rosidl_typesupport_fastrtps_c.so
[0.296s] -- Up-to-date: /home/linux/Master-thesis/Project-Code/ros2_ws/src/freddy_single_arm_control/install/motion_specification_interfaces/include/motion_specification_interfaces/motion_specification_interfaces
[0.296s] -- Up-to-date: /home/linux/Master-thesis/Project-Code/ros2_ws/src/freddy_single_arm_control/install/motion_specification_interfaces/include/motion_specification_interfaces/motion_specification_interfaces/msg
[0.296s] -- Up-to-date: /home/linux/Master-thesis/Project-Code/ros2_ws/src/freddy_single_arm_control/install/motion_specification_interfaces/include/motion_specification_interfaces/motion_specification_interfaces/msg/rosidl_typesupport_introspection_c__visibility_control.h
[0.296s] -- Up-to-date: /home/linux/Master-thesis/Project-Code/ros2_ws/src/freddy_single_arm_control/install/motion_specification_interfaces/include/motion_specification_interfaces/motion_specification_interfaces/action
[0.296s] -- Up-to-date: /home/linux/Master-thesis/Project-Code/ros2_ws/src/freddy_single_arm_control/install/motion_specification_interfaces/include/motion_specification_interfaces/motion_specification_interfaces/action/detail
[0.296s] -- Up-to-date: /home/linux/Master-thesis/Project-Code/ros2_ws/src/freddy_single_arm_control/install/motion_specification_interfaces/include/motion_specification_interfaces/motion_specification_interfaces/action/detail/motion_specification__rosidl_typesupport_introspection_c.h
[0.296s] -- Up-to-date: /home/linux/Master-thesis/Project-Code/ros2_ws/src/freddy_single_arm_control/install/motion_specification_interfaces/include/motion_specification_interfaces/motion_specification_interfaces/action/detail/motion_specification__type_support.c
[0.296s] -- Up-to-date: /home/linux/Master-thesis/Project-Code/ros2_ws/src/freddy_single_arm_control/install/motion_specification_interfaces/lib/libmotion_specification_interfaces__rosidl_typesupport_introspection_c.so
[0.296s] -- Up-to-date: /home/linux/Master-thesis/Project-Code/ros2_ws/src/freddy_single_arm_control/install/motion_specification_interfaces/lib/libmotion_specification_interfaces__rosidl_typesupport_c.so
[0.296s] -- Up-to-date: /home/linux/Master-thesis/Project-Code/ros2_ws/src/freddy_single_arm_control/install/motion_specification_interfaces/include/motion_specification_interfaces/motion_specification_interfaces
[0.297s] -- Up-to-date: /home/linux/Master-thesis/Project-Code/ros2_ws/src/freddy_single_arm_control/install/motion_specification_interfaces/include/motion_specification_interfaces/motion_specification_interfaces/msg
[0.297s] -- Up-to-date: /home/linux/Master-thesis/Project-Code/ros2_ws/src/freddy_single_arm_control/install/motion_specification_interfaces/include/motion_specification_interfaces/motion_specification_interfaces/msg/rosidl_generator_cpp__visibility_control.hpp
[0.297s] -- Up-to-date: /home/linux/Master-thesis/Project-Code/ros2_ws/src/freddy_single_arm_control/install/motion_specification_interfaces/include/motion_specification_interfaces/motion_specification_interfaces/action
[0.297s] -- Up-to-date: /home/linux/Master-thesis/Project-Code/ros2_ws/src/freddy_single_arm_control/install/motion_specification_interfaces/include/motion_specification_interfaces/motion_specification_interfaces/action/motion_specification.hpp
[0.297s] -- Up-to-date: /home/linux/Master-thesis/Project-Code/ros2_ws/src/freddy_single_arm_control/install/motion_specification_interfaces/include/motion_specification_interfaces/motion_specification_interfaces/action/detail
[0.297s] -- Up-to-date: /home/linux/Master-thesis/Project-Code/ros2_ws/src/freddy_single_arm_control/install/motion_specification_interfaces/include/motion_specification_interfaces/motion_specification_interfaces/action/detail/motion_specification__type_support.hpp
[0.297s] -- Up-to-date: /home/linux/Master-thesis/Project-Code/ros2_ws/src/freddy_single_arm_control/install/motion_specification_interfaces/include/motion_specification_interfaces/motion_specification_interfaces/action/detail/motion_specification__struct.hpp
[0.297s] -- Up-to-date: /home/linux/Master-thesis/Project-Code/ros2_ws/src/freddy_single_arm_control/install/motion_specification_interfaces/include/motion_specification_interfaces/motion_specification_interfaces/action/detail/motion_specification__builder.hpp
[0.297s] -- Up-to-date: /home/linux/Master-thesis/Project-Code/ros2_ws/src/freddy_single_arm_control/install/motion_specification_interfaces/include/motion_specification_interfaces/motion_specification_interfaces/action/detail/motion_specification__traits.hpp
[0.297s] -- Up-to-date: /home/linux/Master-thesis/Project-Code/ros2_ws/src/freddy_single_arm_control/install/motion_specification_interfaces/include/motion_specification_interfaces/motion_specification_interfaces
[0.297s] -- Up-to-date: /home/linux/Master-thesis/Project-Code/ros2_ws/src/freddy_single_arm_control/install/motion_specification_interfaces/include/motion_specification_interfaces/motion_specification_interfaces/msg
[0.297s] -- Up-to-date: /home/linux/Master-thesis/Project-Code/ros2_ws/src/freddy_single_arm_control/install/motion_specification_interfaces/include/motion_specification_interfaces/motion_specification_interfaces/msg/rosidl_typesupport_fastrtps_cpp__visibility_control.h
[0.297s] -- Up-to-date: /home/linux/Master-thesis/Project-Code/ros2_ws/src/freddy_single_arm_control/install/motion_specification_interfaces/include/motion_specification_interfaces/motion_specification_interfaces/action
[0.297s] -- Up-to-date: /home/linux/Master-thesis/Project-Code/ros2_ws/src/freddy_single_arm_control/install/motion_specification_interfaces/include/motion_specification_interfaces/motion_specification_interfaces/action/detail
[0.297s] -- Up-to-date: /home/linux/Master-thesis/Project-Code/ros2_ws/src/freddy_single_arm_control/install/motion_specification_interfaces/include/motion_specification_interfaces/motion_specification_interfaces/action/detail/motion_specification__rosidl_typesupport_fastrtps_cpp.hpp
[0.297s] -- Up-to-date: /home/linux/Master-thesis/Project-Code/ros2_ws/src/freddy_single_arm_control/install/motion_specification_interfaces/include/motion_specification_interfaces/motion_specification_interfaces/action/detail/dds_fastrtps
[0.297s] -- Up-to-date: /home/linux/Master-thesis/Project-Code/ros2_ws/src/freddy_single_arm_control/install/motion_specification_interfaces/lib/libmotion_specification_interfaces__rosidl_typesupport_fastrtps_cpp.so
[0.297s] -- Up-to-date: /home/linux/Master-thesis/Project-Code/ros2_ws/src/freddy_single_arm_control/install/motion_specification_interfaces/include/motion_specification_interfaces/motion_specification_interfaces
[0.297s] -- Up-to-date: /home/linux/Master-thesis/Project-Code/ros2_ws/src/freddy_single_arm_control/install/motion_specification_interfaces/include/motion_specification_interfaces/motion_specification_interfaces/action
[0.297s] -- Up-to-date: /home/linux/Master-thesis/Project-Code/ros2_ws/src/freddy_single_arm_control/install/motion_specification_interfaces/include/motion_specification_interfaces/motion_specification_interfaces/action/detail
[0.297s] -- Up-to-date: /home/linux/Master-thesis/Project-Code/ros2_ws/src/freddy_single_arm_control/install/motion_specification_interfaces/include/motion_specification_interfaces/motion_specification_interfaces/action/detail/motion_specification__type_support.cpp
[0.297s] -- Up-to-date: /home/linux/Master-thesis/Project-Code/ros2_ws/src/freddy_single_arm_control/install/motion_specification_interfaces/include/motion_specification_interfaces/motion_specification_interfaces/action/detail/motion_specification__rosidl_typesupport_introspection_cpp.hpp
[0.297s] -- Up-to-date: /home/linux/Master-thesis/Project-Code/ros2_ws/src/freddy_single_arm_control/install/motion_specification_interfaces/lib/libmotion_specification_interfaces__rosidl_typesupport_introspection_cpp.so
[0.298s] -- Up-to-date: /home/linux/Master-thesis/Project-Code/ros2_ws/src/freddy_single_arm_control/install/motion_specification_interfaces/lib/libmotion_specification_interfaces__rosidl_typesupport_cpp.so
[0.298s] -- Up-to-date: /home/linux/Master-thesis/Project-Code/ros2_ws/src/freddy_single_arm_control/install/motion_specification_interfaces/share/motion_specification_interfaces/environment/pythonpath.sh
[0.298s] -- Up-to-date: /home/linux/Master-thesis/Project-Code/ros2_ws/src/freddy_single_arm_control/install/motion_specification_interfaces/share/motion_specification_interfaces/environment/pythonpath.dsv
[0.298s] -- Up-to-date: /home/linux/Master-thesis/Project-Code/ros2_ws/src/freddy_single_arm_control/install/motion_specification_interfaces/lib/python3.12/site-packages/motion_specification_interfaces-0.0.0-py3.12.egg-info
[0.298s] -- Installing: /home/linux/Master-thesis/Project-Code/ros2_ws/src/freddy_single_arm_control/install/motion_specification_interfaces/lib/python3.12/site-packages/motion_specification_interfaces-0.0.0-py3.12.egg-info/SOURCES.txt
[0.298s] -- Installing: /home/linux/Master-thesis/Project-Code/ros2_ws/src/freddy_single_arm_control/install/motion_specification_interfaces/lib/python3.12/site-packages/motion_specification_interfaces-0.0.0-py3.12.egg-info/dependency_links.txt
[0.298s] -- Installing: /home/linux/Master-thesis/Project-Code/ros2_ws/src/freddy_single_arm_control/install/motion_specification_interfaces/lib/python3.12/site-packages/motion_specification_interfaces-0.0.0-py3.12.egg-info/top_level.txt
[0.298s] -- Installing: /home/linux/Master-thesis/Project-Code/ros2_ws/src/freddy_single_arm_control/install/motion_specification_interfaces/lib/python3.12/site-packages/motion_specification_interfaces-0.0.0-py3.12.egg-info/PKG-INFO
[0.298s] -- Up-to-date: /home/linux/Master-thesis/Project-Code/ros2_ws/src/freddy_single_arm_control/install/motion_specification_interfaces/lib/python3.12/site-packages/motion_specification_interfaces
[0.298s] -- Up-to-date: /home/linux/Master-thesis/Project-Code/ros2_ws/src/freddy_single_arm_control/install/motion_specification_interfaces/lib/python3.12/site-packages/motion_specification_interfaces/motion_specification_interfaces_s__rosidl_typesupport_c.so
[0.298s] -- Up-to-date: /home/linux/Master-thesis/Project-Code/ros2_ws/src/freddy_single_arm_control/install/motion_specification_interfaces/lib/python3.12/site-packages/motion_specification_interfaces/motion_specification_interfaces_s__rosidl_typesupport_fastrtps_c.so
[0.298s] -- Up-to-date: /home/linux/Master-thesis/Project-Code/ros2_ws/src/freddy_single_arm_control/install/motion_specification_interfaces/lib/python3.12/site-packages/motion_specification_interfaces/_motion_specification_interfaces_s.ep.rosidl_typesupport_c.c
[0.298s] -- Up-to-date: /home/linux/Master-thesis/Project-Code/ros2_ws/src/freddy_single_arm_control/install/motion_specification_interfaces/lib/python3.12/site-packages/motion_specification_interfaces/__init__.py
[0.298s] -- Up-to-date: /home/linux/Master-thesis/Project-Code/ros2_ws/src/freddy_single_arm_control/install/motion_specification_interfaces/lib/python3.12/site-packages/motion_specification_interfaces/_motion_specification_interfaces_s.ep.rosidl_typesupport_fastrtps_c.c
[0.298s] -- Up-to-date: /home/linux/Master-thesis/Project-Code/ros2_ws/src/freddy_single_arm_control/install/motion_specification_interfaces/lib/python3.12/site-packages/motion_specification_interfaces/action
[0.298s] -- Up-to-date: /home/linux/Master-thesis/Project-Code/ros2_ws/src/freddy_single_arm_control/install/motion_specification_interfaces/lib/python3.12/site-packages/motion_specification_interfaces/action/__init__.py
[0.298s] -- Up-to-date: /home/linux/Master-thesis/Project-Code/ros2_ws/src/freddy_single_arm_control/install/motion_specification_interfaces/lib/python3.12/site-packages/motion_specification_interfaces/action/_motion_specification_s.c
[0.298s] -- Up-to-date: /home/linux/Master-thesis/Project-Code/ros2_ws/src/freddy_single_arm_control/install/motion_specification_interfaces/lib/python3.12/site-packages/motion_specification_interfaces/action/_motion_specification.py
[0.298s] -- Up-to-date: /home/linux/Master-thesis/Project-Code/ros2_ws/src/freddy_single_arm_control/install/motion_specification_interfaces/lib/python3.12/site-packages/motion_specification_interfaces/motion_specification_interfaces_s__rosidl_typesupport_introspection_c.so
[0.299s] -- Up-to-date: /home/linux/Master-thesis/Project-Code/ros2_ws/src/freddy_single_arm_control/install/motion_specification_interfaces/lib/python3.12/site-packages/motion_specification_interfaces/_motion_specification_interfaces_s.ep.rosidl_typesupport_introspection_c.c
[0.324s] Listing '/home/linux/Master-thesis/Project-Code/ros2_ws/src/freddy_single_arm_control/install/motion_specification_interfaces/lib/python3.12/site-packages/motion_specification_interfaces'...
[0.324s] Listing '/home/linux/Master-thesis/Project-Code/ros2_ws/src/freddy_single_arm_control/install/motion_specification_interfaces/lib/python3.12/site-packages/motion_specification_interfaces/action'...
[0.328s] -- Up-to-date: /home/linux/Master-thesis/Project-Code/ros2_ws/src/freddy_single_arm_control/install/motion_specification_interfaces/lib/python3.12/site-packages/motion_specification_interfaces/motion_specification_interfaces_s__rosidl_typesupport_fastrtps_c.so
[0.328s] -- Up-to-date: /home/linux/Master-thesis/Project-Code/ros2_ws/src/freddy_single_arm_control/install/motion_specification_interfaces/lib/python3.12/site-packages/motion_specification_interfaces/motion_specification_interfaces_s__rosidl_typesupport_introspection_c.so
[0.329s] -- Up-to-date: /home/linux/Master-thesis/Project-Code/ros2_ws/src/freddy_single_arm_control/install/motion_specification_interfaces/lib/python3.12/site-packages/motion_specification_interfaces/motion_specification_interfaces_s__rosidl_typesupport_c.so
[0.329s] -- Up-to-date: /home/linux/Master-thesis/Project-Code/ros2_ws/src/freddy_single_arm_control/install/motion_specification_interfaces/lib/libmotion_specification_interfaces__rosidl_generator_py.so
[0.329s] -- Up-to-date: /home/linux/Master-thesis/Project-Code/ros2_ws/src/freddy_single_arm_control/install/motion_specification_interfaces/share/motion_specification_interfaces/action/MotionSpecification.idl
[0.329s] -- Up-to-date: /home/linux/Master-thesis/Project-Code/ros2_ws/src/freddy_single_arm_control/install/motion_specification_interfaces/share/motion_specification_interfaces/action/MotionSpecification.action
[0.329s] -- Up-to-date: /home/linux/Master-thesis/Project-Code/ros2_ws/src/freddy_single_arm_control/install/motion_specification_interfaces/share/ament_index/resource_index/package_run_dependencies/motion_specification_interfaces
[0.329s] -- Up-to-date: /home/linux/Master-thesis/Project-Code/ros2_ws/src/freddy_single_arm_control/install/motion_specification_interfaces/share/ament_index/resource_index/parent_prefix_path/motion_specification_interfaces
[0.329s] -- Up-to-date: /home/linux/Master-thesis/Project-Code/ros2_ws/src/freddy_single_arm_control/install/motion_specification_interfaces/share/motion_specification_interfaces/environment/ament_prefix_path.sh
[0.329s] -- Up-to-date: /home/linux/Master-thesis/Project-Code/ros2_ws/src/freddy_single_arm_control/install/motion_specification_interfaces/share/motion_specification_interfaces/environment/ament_prefix_path.dsv
[0.329s] -- Up-to-date: /home/linux/Master-thesis/Project-Code/ros2_ws/src/freddy_single_arm_control/install/motion_specification_interfaces/share/motion_specification_interfaces/environment/path.sh
[0.329s] -- Up-to-date: /home/linux/Master-thesis/Project-Code/ros2_ws/src/freddy_single_arm_control/install/motion_specification_interfaces/share/motion_specification_interfaces/environment/path.dsv
[0.329s] -- Up-to-date: /home/linux/Master-thesis/Project-Code/ros2_ws/src/freddy_single_arm_control/install/motion_specification_interfaces/share/motion_specification_interfaces/local_setup.bash
[0.329s] -- Up-to-date: /home/linux/Master-thesis/Project-Code/ros2_ws/src/freddy_single_arm_control/install/motion_specification_interfaces/share/motion_specification_interfaces/local_setup.sh
[0.329s] -- Up-to-date: /home/linux/Master-thesis/Project-Code/ros2_ws/src/freddy_single_arm_control/install/motion_specification_interfaces/share/motion_specification_interfaces/local_setup.zsh
[0.329s] -- Up-to-date: /home/linux/Master-thesis/Project-Code/ros2_ws/src/freddy_single_arm_control/install/motion_specification_interfaces/share/motion_specification_interfaces/local_setup.dsv
[0.329s] -- Installing: /home/linux/Master-thesis/Project-Code/ros2_ws/src/freddy_single_arm_control/install/motion_specification_interfaces/share/motion_specification_interfaces/package.dsv
[0.329s] -- Up-to-date: /home/linux/Master-thesis/Project-Code/ros2_ws/src/freddy_single_arm_control/install/motion_specification_interfaces/share/ament_index/resource_index/packages/motion_specification_interfaces
[0.330s] -- Up-to-date: /home/linux/Master-thesis/Project-Code/ros2_ws/src/freddy_single_arm_control/install/motion_specification_interfaces/share/motion_specification_interfaces/cmake/export_motion_specification_interfaces__rosidl_generator_cExport.cmake
[0.330s] -- Up-to-date: /home/linux/Master-thesis/Project-Code/ros2_ws/src/freddy_single_arm_control/install/motion_specification_interfaces/share/motion_specification_interfaces/cmake/export_motion_specification_interfaces__rosidl_generator_cExport-noconfig.cmake
[0.330s] -- Up-to-date: /home/linux/Master-thesis/Project-Code/ros2_ws/src/freddy_single_arm_control/install/motion_specification_interfaces/share/motion_specification_interfaces/cmake/export_motion_specification_interfaces__rosidl_typesupport_fastrtps_cExport.cmake
[0.330s] -- Up-to-date: /home/linux/Master-thesis/Project-Code/ros2_ws/src/freddy_single_arm_control/install/motion_specification_interfaces/share/motion_specification_interfaces/cmake/export_motion_specification_interfaces__rosidl_typesupport_fastrtps_cExport-noconfig.cmake
[0.330s] -- Up-to-date: /home/linux/Master-thesis/Project-Code/ros2_ws/src/freddy_single_arm_control/install/motion_specification_interfaces/share/motion_specification_interfaces/cmake/motion_specification_interfaces__rosidl_typesupport_introspection_cExport.cmake
[0.330s] -- Up-to-date: /home/linux/Master-thesis/Project-Code/ros2_ws/src/freddy_single_arm_control/install/motion_specification_interfaces/share/motion_specification_interfaces/cmake/motion_specification_interfaces__rosidl_typesupport_introspection_cExport-noconfig.cmake
[0.330s] -- Up-to-date: /home/linux/Master-thesis/Project-Code/ros2_ws/src/freddy_single_arm_control/install/motion_specification_interfaces/share/motion_specification_interfaces/cmake/motion_specification_interfaces__rosidl_typesupport_cExport.cmake
[0.330s] -- Up-to-date: /home/linux/Master-thesis/Project-Code/ros2_ws/src/freddy_single_arm_control/install/motion_specification_interfaces/share/motion_specification_interfaces/cmake/motion_specification_interfaces__rosidl_typesupport_cExport-noconfig.cmake
[0.330s] -- Up-to-date: /home/linux/Master-thesis/Project-Code/ros2_ws/src/freddy_single_arm_control/install/motion_specification_interfaces/share/motion_specification_interfaces/cmake/export_motion_specification_interfaces__rosidl_generator_cppExport.cmake
[0.330s] -- Up-to-date: /home/linux/Master-thesis/Project-Code/ros2_ws/src/freddy_single_arm_control/install/motion_specification_interfaces/share/motion_specification_interfaces/cmake/export_motion_specification_interfaces__rosidl_typesupport_fastrtps_cppExport.cmake
[0.330s] -- Up-to-date: /home/linux/Master-thesis/Project-Code/ros2_ws/src/freddy_single_arm_control/install/motion_specification_interfaces/share/motion_specification_interfaces/cmake/export_motion_specification_interfaces__rosidl_typesupport_fastrtps_cppExport-noconfig.cmake
[0.331s] -- Up-to-date: /home/linux/Master-thesis/Project-Code/ros2_ws/src/freddy_single_arm_control/install/motion_specification_interfaces/share/motion_specification_interfaces/cmake/motion_specification_interfaces__rosidl_typesupport_introspection_cppExport.cmake
[0.331s] -- Up-to-date: /home/linux/Master-thesis/Project-Code/ros2_ws/src/freddy_single_arm_control/install/motion_specification_interfaces/share/motion_specification_interfaces/cmake/motion_specification_interfaces__rosidl_typesupport_introspection_cppExport-noconfig.cmake
[0.331s] -- Up-to-date: /home/linux/Master-thesis/Project-Code/ros2_ws/src/freddy_single_arm_control/install/motion_specification_interfaces/share/motion_specification_interfaces/cmake/motion_specification_interfaces__rosidl_typesupport_cppExport.cmake
[0.331s] -- Up-to-date: /home/linux/Master-thesis/Project-Code/ros2_ws/src/freddy_single_arm_control/install/motion_specification_interfaces/share/motion_specification_interfaces/cmake/motion_specification_interfaces__rosidl_typesupport_cppExport-noconfig.cmake
[0.331s] -- Up-to-date: /home/linux/Master-thesis/Project-Code/ros2_ws/src/freddy_single_arm_control/install/motion_specification_interfaces/share/motion_specification_interfaces/cmake/export_motion_specification_interfaces__rosidl_generator_pyExport.cmake
[0.331s] -- Up-to-date: /home/linux/Master-thesis/Project-Code/ros2_ws/src/freddy_single_arm_control/install/motion_specification_interfaces/share/motion_specification_interfaces/cmake/export_motion_specification_interfaces__rosidl_generator_pyExport-noconfig.cmake
[0.331s] -- Up-to-date: /home/linux/Master-thesis/Project-Code/ros2_ws/src/freddy_single_arm_control/install/motion_specification_interfaces/share/motion_specification_interfaces/cmake/rosidl_cmake-extras.cmake
[0.331s] -- Up-to-date: /home/linux/Master-thesis/Project-Code/ros2_ws/src/freddy_single_arm_control/install/motion_specification_interfaces/share/motion_specification_interfaces/cmake/ament_cmake_export_dependencies-extras.cmake
[0.331s] -- Up-to-date: /home/linux/Master-thesis/Project-Code/ros2_ws/src/freddy_single_arm_control/install/motion_specification_interfaces/share/motion_specification_interfaces/cmake/ament_cmake_export_include_directories-extras.cmake
[0.331s] -- Up-to-date: /home/linux/Master-thesis/Project-Code/ros2_ws/src/freddy_single_arm_control/install/motion_specification_interfaces/share/motion_specification_interfaces/cmake/ament_cmake_export_libraries-extras.cmake
[0.331s] -- Up-to-date: /home/linux/Master-thesis/Project-Code/ros2_ws/src/freddy_single_arm_control/install/motion_specification_interfaces/share/motion_specification_interfaces/cmake/ament_cmake_export_targets-extras.cmake
[0.331s] -- Up-to-date: /home/linux/Master-thesis/Project-Code/ros2_ws/src/freddy_single_arm_control/install/motion_specification_interfaces/share/motion_specification_interfaces/cmake/rosidl_cmake_export_typesupport_targets-extras.cmake
[0.331s] -- Up-to-date: /home/linux/Master-thesis/Project-Code/ros2_ws/src/freddy_single_arm_control/install/motion_specification_interfaces/share/motion_specification_interfaces/cmake/rosidl_cmake_export_typesupport_libraries-extras.cmake
[0.331s] -- Up-to-date: /home/linux/Master-thesis/Project-Code/ros2_ws/src/freddy_single_arm_control/install/motion_specification_interfaces/share/motion_specification_interfaces/cmake/motion_specification_interfacesConfig.cmake
[0.331s] -- Up-to-date: /home/linux/Master-thesis/Project-Code/ros2_ws/src/freddy_single_arm_control/install/motion_specification_interfaces/share/motion_specification_interfaces/cmake/motion_specification_interfacesConfig-version.cmake
[0.331s] -- Up-to-date: /home/linux/Master-thesis/Project-Code/ros2_ws/src/freddy_single_arm_control/install/motion_specification_interfaces/share/motion_specification_interfaces/package.xml
[0.333s] Invoked command in '/home/linux/Master-thesis/Project-Code/ros2_ws/src/freddy_single_arm_control/build/motion_specification_interfaces' returned '0': CMAKE_PREFIX_PATH=${CMAKE_PREFIX_PATH}:/home/linux/Master-thesis/Project-Code/ros2_ws/install/robot_controller2:/opt/ros/jazzy DEBUGINFOD_URLS=https://debuginfod.ubuntu.com /usr/bin/cmake --install /home/linux/Master-thesis/Project-Code/ros2_ws/src/freddy_single_arm_control/build/motion_specification_interfaces
