[0.010s] Invoking command in '/home/linux/Master-thesis/Project-Code/ros2_ws/src/freddy_single_arm_control/build/motion_specification_interfaces': CMAKE_PREFIX_PATH=${CMAKE_PREFIX_PATH}:/home/linux/Master-thesis/Project-Code/ros2_ws/install/robot_controller2:/opt/ros/jazzy DEBUGINFOD_URLS=https://debuginfod.ubuntu.com /usr/bin/cmake --build /home/linux/Master-thesis/Project-Code/ros2_ws/src/freddy_single_arm_control/build/motion_specification_interfaces -- -j12 -l12
[0.049s] [  2%] Built target motion_specification_interfaces__rosidl_generator_type_description
[0.057s] [  2%] Built target ament_cmake_python_copy_motion_specification_interfaces
[0.063s] [  5%] Built target motion_specification_interfaces__cpp
[0.064s] [ 20%] Built target motion_specification_interfaces__rosidl_generator_c
[0.086s] [ 29%] Built target motion_specification_interfaces__rosidl_typesupport_introspection_c
[0.088s] [ 38%] Built target motion_specification_interfaces__rosidl_typesupport_introspection_cpp
[0.090s] [ 55%] Built target motion_specification_interfaces__rosidl_typesupport_c
[0.090s] [ 55%] Built target motion_specification_interfaces__rosidl_typesupport_cpp
[0.092s] [ 64%] Built target motion_specification_interfaces__rosidl_typesupport_fastrtps_c
[0.093s] [ 73%] Built target motion_specification_interfaces__rosidl_typesupport_fastrtps_cpp
[0.110s] [ 73%] Built target motion_specification_interfaces
[0.128s] [ 76%] Built target motion_specification_interfaces__py
[0.147s] [ 82%] Built target motion_specification_interfaces__rosidl_generator_py
[0.165s] [ 94%] Built target motion_specification_interfaces_s__rosidl_typesupport_fastrtps_c
[0.165s] [ 94%] Built target motion_specification_interfaces_s__rosidl_typesupport_introspection_c
[0.167s] [100%] Built target motion_specification_interfaces_s__rosidl_typesupport_c
[0.222s] running egg_info
[0.234s] writing motion_specification_interfaces.egg-info/PKG-INFO
[0.234s] writing dependency_links to motion_specification_interfaces.egg-info/dependency_links.txt
[0.234s] writing top-level names to motion_specification_interfaces.egg-info/top_level.txt
[0.267s] reading manifest file 'motion_specification_interfaces.egg-info/SOURCES.txt'
[0.267s] writing manifest file 'motion_specification_interfaces.egg-info/SOURCES.txt'
[0.288s] [100%] Built target ament_cmake_python_build_motion_specification_interfaces_egg
[0.297s] Invoked command in '/home/linux/Master-thesis/Project-Code/ros2_ws/src/freddy_single_arm_control/build/motion_specification_interfaces' returned '0': CMAKE_PREFIX_PATH=${CMAKE_PREFIX_PATH}:/home/linux/Master-thesis/Project-Code/ros2_ws/install/robot_controller2:/opt/ros/jazzy DEBUGINFOD_URLS=https://debuginfod.ubuntu.com /usr/bin/cmake --build /home/linux/Master-thesis/Project-Code/ros2_ws/src/freddy_single_arm_control/build/motion_specification_interfaces -- -j12 -l12
[0.305s] Invoking command in '/home/linux/Master-thesis/Project-Code/ros2_ws/src/freddy_single_arm_control/build/motion_specification_interfaces': CMAKE_PREFIX_PATH=${CMAKE_PREFIX_PATH}:/home/linux/Master-thesis/Project-Code/ros2_ws/install/robot_controller2:/opt/ros/jazzy DEBUGINFOD_URLS=https://debuginfod.ubuntu.com /usr/bin/cmake --install /home/linux/Master-thesis/Project-Code/ros2_ws/src/freddy_single_arm_control/build/motion_specification_interfaces
[0.313s] -- Install configuration: ""
[0.313s] -- Up-to-date: /home/linux/Master-thesis/Project-Code/ros2_ws/src/freddy_single_arm_control/install/motion_specification_interfaces/share/ament_index/resource_index/rosidl_interfaces/motion_specification_interfaces
[0.313s] -- Up-to-date: /home/linux/Master-thesis/Project-Code/ros2_ws/src/freddy_single_arm_control/install/motion_specification_interfaces/share/motion_specification_interfaces/action/MotionSpecification.json
[0.314s] -- Up-to-date: /home/linux/Master-thesis/Project-Code/ros2_ws/src/freddy_single_arm_control/install/motion_specification_interfaces/include/motion_specification_interfaces/motion_specification_interfaces
[0.314s] -- Up-to-date: /home/linux/Master-thesis/Project-Code/ros2_ws/src/freddy_single_arm_control/install/motion_specification_interfaces/include/motion_specification_interfaces/motion_specification_interfaces/msg
[0.314s] -- Up-to-date: /home/linux/Master-thesis/Project-Code/ros2_ws/src/freddy_single_arm_control/install/motion_specification_interfaces/include/motion_specification_interfaces/motion_specification_interfaces/msg/rosidl_generator_c__visibility_control.h
[0.314s] -- Up-to-date: /home/linux/Master-thesis/Project-Code/ros2_ws/src/freddy_single_arm_control/install/motion_specification_interfaces/include/motion_specification_interfaces/motion_specification_interfaces/action
[0.314s] -- Up-to-date: /home/linux/Master-thesis/Project-Code/ros2_ws/src/freddy_single_arm_control/install/motion_specification_interfaces/include/motion_specification_interfaces/motion_specification_interfaces/action/detail
[0.314s] -- Up-to-date: /home/linux/Master-thesis/Project-Code/ros2_ws/src/freddy_single_arm_control/install/motion_specification_interfaces/include/motion_specification_interfaces/motion_specification_interfaces/action/detail/motion_specification__functions.h
[0.314s] -- Up-to-date: /home/linux/Master-thesis/Project-Code/ros2_ws/src/freddy_single_arm_control/install/motion_specification_interfaces/include/motion_specification_interfaces/motion_specification_interfaces/action/detail/motion_specification__functions.c
[0.314s] -- Up-to-date: /home/linux/Master-thesis/Project-Code/ros2_ws/src/freddy_single_arm_control/install/motion_specification_interfaces/include/motion_specification_interfaces/motion_specification_interfaces/action/detail/motion_specification__type_support.h
[0.314s] -- Up-to-date: /home/linux/Master-thesis/Project-Code/ros2_ws/src/freddy_single_arm_control/install/motion_specification_interfaces/include/motion_specification_interfaces/motion_specification_interfaces/action/detail/motion_specification__type_support.c
[0.314s] -- Up-to-date: /home/linux/Master-thesis/Project-Code/ros2_ws/src/freddy_single_arm_control/install/motion_specification_interfaces/include/motion_specification_interfaces/motion_specification_interfaces/action/detail/motion_specification__struct.h
[0.314s] -- Up-to-date: /home/linux/Master-thesis/Project-Code/ros2_ws/src/freddy_single_arm_control/install/motion_specification_interfaces/include/motion_specification_interfaces/motion_specification_interfaces/action/detail/motion_specification__description.c
[0.314s] -- Up-to-date: /home/linux/Master-thesis/Project-Code/ros2_ws/src/freddy_single_arm_control/install/motion_specification_interfaces/include/motion_specification_interfaces/motion_specification_interfaces/action/motion_specification.h
[0.314s] -- Up-to-date: /home/linux/Master-thesis/Project-Code/ros2_ws/src/freddy_single_arm_control/install/motion_specification_interfaces/share/motion_specification_interfaces/environment/library_path.sh
[0.314s] -- Up-to-date: /home/linux/Master-thesis/Project-Code/ros2_ws/src/freddy_single_arm_control/install/motion_specification_interfaces/share/motion_specification_interfaces/environment/library_path.dsv
[0.314s] -- Up-to-date: /home/linux/Master-thesis/Project-Code/ros2_ws/src/freddy_single_arm_control/install/motion_specification_interfaces/lib/libmotion_specification_interfaces__rosidl_generator_c.so
[0.314s] -- Up-to-date: /home/linux/Master-thesis/Project-Code/ros2_ws/src/freddy_single_arm_control/install/motion_specification_interfaces/include/motion_specification_interfaces/motion_specification_interfaces
[0.314s] -- Up-to-date: /home/linux/Master-thesis/Project-Code/ros2_ws/src/freddy_single_arm_control/install/motion_specification_interfaces/include/motion_specification_interfaces/motion_specification_interfaces/msg
[0.314s] -- Up-to-date: /home/linux/Master-thesis/Project-Code/ros2_ws/src/freddy_single_arm_control/install/motion_specification_interfaces/include/motion_specification_interfaces/motion_specification_interfaces/msg/rosidl_typesupport_fastrtps_c__visibility_control.h
[0.314s] -- Up-to-date: /home/linux/Master-thesis/Project-Code/ros2_ws/src/freddy_single_arm_control/install/motion_specification_interfaces/include/motion_specification_interfaces/motion_specification_interfaces/action
[0.314s] -- Up-to-date: /home/linux/Master-thesis/Project-Code/ros2_ws/src/freddy_single_arm_control/install/motion_specification_interfaces/include/motion_specification_interfaces/motion_specification_interfaces/action/detail
[0.314s] -- Up-to-date: /home/linux/Master-thesis/Project-Code/ros2_ws/src/freddy_single_arm_control/install/motion_specification_interfaces/include/motion_specification_interfaces/motion_specification_interfaces/action/detail/motion_specification__rosidl_typesupport_fastrtps_c.h
[0.314s] -- Up-to-date: /home/linux/Master-thesis/Project-Code/ros2_ws/src/freddy_single_arm_control/install/motion_specification_interfaces/lib/libmotion_specification_interfaces__rosidl_typesupport_fastrtps_c.so
[0.315s] -- Up-to-date: /home/linux/Master-thesis/Project-Code/ros2_ws/src/freddy_single_arm_control/install/motion_specification_interfaces/include/motion_specification_interfaces/motion_specification_interfaces
[0.315s] -- Up-to-date: /home/linux/Master-thesis/Project-Code/ros2_ws/src/freddy_single_arm_control/install/motion_specification_interfaces/include/motion_specification_interfaces/motion_specification_interfaces/msg
[0.315s] -- Up-to-date: /home/linux/Master-thesis/Project-Code/ros2_ws/src/freddy_single_arm_control/install/motion_specification_interfaces/include/motion_specification_interfaces/motion_specification_interfaces/msg/rosidl_typesupport_introspection_c__visibility_control.h
[0.315s] -- Up-to-date: /home/linux/Master-thesis/Project-Code/ros2_ws/src/freddy_single_arm_control/install/motion_specification_interfaces/include/motion_specification_interfaces/motion_specification_interfaces/action
[0.315s] -- Up-to-date: /home/linux/Master-thesis/Project-Code/ros2_ws/src/freddy_single_arm_control/install/motion_specification_interfaces/include/motion_specification_interfaces/motion_specification_interfaces/action/detail
[0.315s] -- Up-to-date: /home/linux/Master-thesis/Project-Code/ros2_ws/src/freddy_single_arm_control/install/motion_specification_interfaces/include/motion_specification_interfaces/motion_specification_interfaces/action/detail/motion_specification__rosidl_typesupport_introspection_c.h
[0.315s] -- Up-to-date: /home/linux/Master-thesis/Project-Code/ros2_ws/src/freddy_single_arm_control/install/motion_specification_interfaces/include/motion_specification_interfaces/motion_specification_interfaces/action/detail/motion_specification__type_support.c
[0.315s] -- Up-to-date: /home/linux/Master-thesis/Project-Code/ros2_ws/src/freddy_single_arm_control/install/motion_specification_interfaces/lib/libmotion_specification_interfaces__rosidl_typesupport_introspection_c.so
[0.315s] -- Up-to-date: /home/linux/Master-thesis/Project-Code/ros2_ws/src/freddy_single_arm_control/install/motion_specification_interfaces/lib/libmotion_specification_interfaces__rosidl_typesupport_c.so
[0.315s] -- Up-to-date: /home/linux/Master-thesis/Project-Code/ros2_ws/src/freddy_single_arm_control/install/motion_specification_interfaces/include/motion_specification_interfaces/motion_specification_interfaces
[0.315s] -- Up-to-date: /home/linux/Master-thesis/Project-Code/ros2_ws/src/freddy_single_arm_control/install/motion_specification_interfaces/include/motion_specification_interfaces/motion_specification_interfaces/msg
[0.315s] -- Up-to-date: /home/linux/Master-thesis/Project-Code/ros2_ws/src/freddy_single_arm_control/install/motion_specification_interfaces/include/motion_specification_interfaces/motion_specification_interfaces/msg/rosidl_generator_cpp__visibility_control.hpp
[0.315s] -- Up-to-date: /home/linux/Master-thesis/Project-Code/ros2_ws/src/freddy_single_arm_control/install/motion_specification_interfaces/include/motion_specification_interfaces/motion_specification_interfaces/action
[0.315s] -- Up-to-date: /home/linux/Master-thesis/Project-Code/ros2_ws/src/freddy_single_arm_control/install/motion_specification_interfaces/include/motion_specification_interfaces/motion_specification_interfaces/action/motion_specification.hpp
[0.315s] -- Up-to-date: /home/linux/Master-thesis/Project-Code/ros2_ws/src/freddy_single_arm_control/install/motion_specification_interfaces/include/motion_specification_interfaces/motion_specification_interfaces/action/detail
[0.315s] -- Up-to-date: /home/linux/Master-thesis/Project-Code/ros2_ws/src/freddy_single_arm_control/install/motion_specification_interfaces/include/motion_specification_interfaces/motion_specification_interfaces/action/detail/motion_specification__type_support.hpp
[0.316s] -- Up-to-date: /home/linux/Master-thesis/Project-Code/ros2_ws/src/freddy_single_arm_control/install/motion_specification_interfaces/include/motion_specification_interfaces/motion_specification_interfaces/action/detail/motion_specification__struct.hpp
[0.316s] -- Up-to-date: /home/linux/Master-thesis/Project-Code/ros2_ws/src/freddy_single_arm_control/install/motion_specification_interfaces/include/motion_specification_interfaces/motion_specification_interfaces/action/detail/motion_specification__builder.hpp
[0.316s] -- Up-to-date: /home/linux/Master-thesis/Project-Code/ros2_ws/src/freddy_single_arm_control/install/motion_specification_interfaces/include/motion_specification_interfaces/motion_specification_interfaces/action/detail/motion_specification__traits.hpp
[0.316s] -- Up-to-date: /home/linux/Master-thesis/Project-Code/ros2_ws/src/freddy_single_arm_control/install/motion_specification_interfaces/include/motion_specification_interfaces/motion_specification_interfaces
[0.316s] -- Up-to-date: /home/linux/Master-thesis/Project-Code/ros2_ws/src/freddy_single_arm_control/install/motion_specification_interfaces/include/motion_specification_interfaces/motion_specification_interfaces/msg
[0.316s] -- Up-to-date: /home/linux/Master-thesis/Project-Code/ros2_ws/src/freddy_single_arm_control/install/motion_specification_interfaces/include/motion_specification_interfaces/motion_specification_interfaces/msg/rosidl_typesupport_fastrtps_cpp__visibility_control.h
[0.316s] -- Up-to-date: /home/linux/Master-thesis/Project-Code/ros2_ws/src/freddy_single_arm_control/install/motion_specification_interfaces/include/motion_specification_interfaces/motion_specification_interfaces/action
[0.316s] -- Up-to-date: /home/linux/Master-thesis/Project-Code/ros2_ws/src/freddy_single_arm_control/install/motion_specification_interfaces/include/motion_specification_interfaces/motion_specification_interfaces/action/detail
[0.316s] -- Up-to-date: /home/linux/Master-thesis/Project-Code/ros2_ws/src/freddy_single_arm_control/install/motion_specification_interfaces/include/motion_specification_interfaces/motion_specification_interfaces/action/detail/motion_specification__rosidl_typesupport_fastrtps_cpp.hpp
[0.316s] -- Up-to-date: /home/linux/Master-thesis/Project-Code/ros2_ws/src/freddy_single_arm_control/install/motion_specification_interfaces/include/motion_specification_interfaces/motion_specification_interfaces/action/detail/dds_fastrtps
[0.316s] -- Up-to-date: /home/linux/Master-thesis/Project-Code/ros2_ws/src/freddy_single_arm_control/install/motion_specification_interfaces/lib/libmotion_specification_interfaces__rosidl_typesupport_fastrtps_cpp.so
[0.316s] -- Up-to-date: /home/linux/Master-thesis/Project-Code/ros2_ws/src/freddy_single_arm_control/install/motion_specification_interfaces/include/motion_specification_interfaces/motion_specification_interfaces
[0.316s] -- Up-to-date: /home/linux/Master-thesis/Project-Code/ros2_ws/src/freddy_single_arm_control/install/motion_specification_interfaces/include/motion_specification_interfaces/motion_specification_interfaces/action
[0.316s] -- Up-to-date: /home/linux/Master-thesis/Project-Code/ros2_ws/src/freddy_single_arm_control/install/motion_specification_interfaces/include/motion_specification_interfaces/motion_specification_interfaces/action/detail
[0.316s] -- Up-to-date: /home/linux/Master-thesis/Project-Code/ros2_ws/src/freddy_single_arm_control/install/motion_specification_interfaces/include/motion_specification_interfaces/motion_specification_interfaces/action/detail/motion_specification__type_support.cpp
[0.316s] -- Up-to-date: /home/linux/Master-thesis/Project-Code/ros2_ws/src/freddy_single_arm_control/install/motion_specification_interfaces/include/motion_specification_interfaces/motion_specification_interfaces/action/detail/motion_specification__rosidl_typesupport_introspection_cpp.hpp
[0.316s] -- Up-to-date: /home/linux/Master-thesis/Project-Code/ros2_ws/src/freddy_single_arm_control/install/motion_specification_interfaces/lib/libmotion_specification_interfaces__rosidl_typesupport_introspection_cpp.so
[0.316s] -- Up-to-date: /home/linux/Master-thesis/Project-Code/ros2_ws/src/freddy_single_arm_control/install/motion_specification_interfaces/lib/libmotion_specification_interfaces__rosidl_typesupport_cpp.so
[0.317s] -- Up-to-date: /home/linux/Master-thesis/Project-Code/ros2_ws/src/freddy_single_arm_control/install/motion_specification_interfaces/share/motion_specification_interfaces/environment/pythonpath.sh
[0.317s] -- Up-to-date: /home/linux/Master-thesis/Project-Code/ros2_ws/src/freddy_single_arm_control/install/motion_specification_interfaces/share/motion_specification_interfaces/environment/pythonpath.dsv
[0.317s] -- Up-to-date: /home/linux/Master-thesis/Project-Code/ros2_ws/src/freddy_single_arm_control/install/motion_specification_interfaces/lib/python3.12/site-packages/motion_specification_interfaces-0.0.0-py3.12.egg-info
[0.318s] -- Installing: /home/linux/Master-thesis/Project-Code/ros2_ws/src/freddy_single_arm_control/install/motion_specification_interfaces/lib/python3.12/site-packages/motion_specification_interfaces-0.0.0-py3.12.egg-info/SOURCES.txt
[0.318s] -- Installing: /home/linux/Master-thesis/Project-Code/ros2_ws/src/freddy_single_arm_control/install/motion_specification_interfaces/lib/python3.12/site-packages/motion_specification_interfaces-0.0.0-py3.12.egg-info/dependency_links.txt
[0.318s] -- Installing: /home/linux/Master-thesis/Project-Code/ros2_ws/src/freddy_single_arm_control/install/motion_specification_interfaces/lib/python3.12/site-packages/motion_specification_interfaces-0.0.0-py3.12.egg-info/top_level.txt
[0.318s] -- Installing: /home/linux/Master-thesis/Project-Code/ros2_ws/src/freddy_single_arm_control/install/motion_specification_interfaces/lib/python3.12/site-packages/motion_specification_interfaces-0.0.0-py3.12.egg-info/PKG-INFO
[0.318s] -- Up-to-date: /home/linux/Master-thesis/Project-Code/ros2_ws/src/freddy_single_arm_control/install/motion_specification_interfaces/lib/python3.12/site-packages/motion_specification_interfaces
[0.318s] -- Up-to-date: /home/linux/Master-thesis/Project-Code/ros2_ws/src/freddy_single_arm_control/install/motion_specification_interfaces/lib/python3.12/site-packages/motion_specification_interfaces/motion_specification_interfaces_s__rosidl_typesupport_c.so
[0.318s] -- Up-to-date: /home/linux/Master-thesis/Project-Code/ros2_ws/src/freddy_single_arm_control/install/motion_specification_interfaces/lib/python3.12/site-packages/motion_specification_interfaces/motion_specification_interfaces_s__rosidl_typesupport_fastrtps_c.so
[0.318s] -- Up-to-date: /home/linux/Master-thesis/Project-Code/ros2_ws/src/freddy_single_arm_control/install/motion_specification_interfaces/lib/python3.12/site-packages/motion_specification_interfaces/_motion_specification_interfaces_s.ep.rosidl_typesupport_c.c
[0.318s] -- Up-to-date: /home/linux/Master-thesis/Project-Code/ros2_ws/src/freddy_single_arm_control/install/motion_specification_interfaces/lib/python3.12/site-packages/motion_specification_interfaces/__init__.py
[0.318s] -- Up-to-date: /home/linux/Master-thesis/Project-Code/ros2_ws/src/freddy_single_arm_control/install/motion_specification_interfaces/lib/python3.12/site-packages/motion_specification_interfaces/_motion_specification_interfaces_s.ep.rosidl_typesupport_fastrtps_c.c
[0.319s] -- Up-to-date: /home/linux/Master-thesis/Project-Code/ros2_ws/src/freddy_single_arm_control/install/motion_specification_interfaces/lib/python3.12/site-packages/motion_specification_interfaces/action
[0.319s] -- Up-to-date: /home/linux/Master-thesis/Project-Code/ros2_ws/src/freddy_single_arm_control/install/motion_specification_interfaces/lib/python3.12/site-packages/motion_specification_interfaces/action/__init__.py
[0.319s] -- Up-to-date: /home/linux/Master-thesis/Project-Code/ros2_ws/src/freddy_single_arm_control/install/motion_specification_interfaces/lib/python3.12/site-packages/motion_specification_interfaces/action/_motion_specification_s.c
[0.319s] -- Up-to-date: /home/linux/Master-thesis/Project-Code/ros2_ws/src/freddy_single_arm_control/install/motion_specification_interfaces/lib/python3.12/site-packages/motion_specification_interfaces/action/_motion_specification.py
[0.319s] -- Up-to-date: /home/linux/Master-thesis/Project-Code/ros2_ws/src/freddy_single_arm_control/install/motion_specification_interfaces/lib/python3.12/site-packages/motion_specification_interfaces/motion_specification_interfaces_s__rosidl_typesupport_introspection_c.so
[0.319s] -- Up-to-date: /home/linux/Master-thesis/Project-Code/ros2_ws/src/freddy_single_arm_control/install/motion_specification_interfaces/lib/python3.12/site-packages/motion_specification_interfaces/_motion_specification_interfaces_s.ep.rosidl_typesupport_introspection_c.c
[0.343s] Listing '/home/linux/Master-thesis/Project-Code/ros2_ws/src/freddy_single_arm_control/install/motion_specification_interfaces/lib/python3.12/site-packages/motion_specification_interfaces'...
[0.343s] Listing '/home/linux/Master-thesis/Project-Code/ros2_ws/src/freddy_single_arm_control/install/motion_specification_interfaces/lib/python3.12/site-packages/motion_specification_interfaces/action'...
[0.347s] -- Up-to-date: /home/linux/Master-thesis/Project-Code/ros2_ws/src/freddy_single_arm_control/install/motion_specification_interfaces/lib/python3.12/site-packages/motion_specification_interfaces/motion_specification_interfaces_s__rosidl_typesupport_fastrtps_c.so
[0.347s] -- Up-to-date: /home/linux/Master-thesis/Project-Code/ros2_ws/src/freddy_single_arm_control/install/motion_specification_interfaces/lib/python3.12/site-packages/motion_specification_interfaces/motion_specification_interfaces_s__rosidl_typesupport_introspection_c.so
[0.347s] -- Up-to-date: /home/linux/Master-thesis/Project-Code/ros2_ws/src/freddy_single_arm_control/install/motion_specification_interfaces/lib/python3.12/site-packages/motion_specification_interfaces/motion_specification_interfaces_s__rosidl_typesupport_c.so
[0.347s] -- Up-to-date: /home/linux/Master-thesis/Project-Code/ros2_ws/src/freddy_single_arm_control/install/motion_specification_interfaces/lib/libmotion_specification_interfaces__rosidl_generator_py.so
[0.348s] -- Up-to-date: /home/linux/Master-thesis/Project-Code/ros2_ws/src/freddy_single_arm_control/install/motion_specification_interfaces/share/motion_specification_interfaces/action/MotionSpecification.idl
[0.348s] -- Up-to-date: /home/linux/Master-thesis/Project-Code/ros2_ws/src/freddy_single_arm_control/install/motion_specification_interfaces/share/motion_specification_interfaces/action/MotionSpecification.action
[0.348s] -- Up-to-date: /home/linux/Master-thesis/Project-Code/ros2_ws/src/freddy_single_arm_control/install/motion_specification_interfaces/share/ament_index/resource_index/package_run_dependencies/motion_specification_interfaces
[0.348s] -- Up-to-date: /home/linux/Master-thesis/Project-Code/ros2_ws/src/freddy_single_arm_control/install/motion_specification_interfaces/share/ament_index/resource_index/parent_prefix_path/motion_specification_interfaces
[0.348s] -- Up-to-date: /home/linux/Master-thesis/Project-Code/ros2_ws/src/freddy_single_arm_control/install/motion_specification_interfaces/share/motion_specification_interfaces/environment/ament_prefix_path.sh
[0.348s] -- Up-to-date: /home/linux/Master-thesis/Project-Code/ros2_ws/src/freddy_single_arm_control/install/motion_specification_interfaces/share/motion_specification_interfaces/environment/ament_prefix_path.dsv
[0.348s] -- Up-to-date: /home/linux/Master-thesis/Project-Code/ros2_ws/src/freddy_single_arm_control/install/motion_specification_interfaces/share/motion_specification_interfaces/environment/path.sh
[0.348s] -- Up-to-date: /home/linux/Master-thesis/Project-Code/ros2_ws/src/freddy_single_arm_control/install/motion_specification_interfaces/share/motion_specification_interfaces/environment/path.dsv
[0.348s] -- Up-to-date: /home/linux/Master-thesis/Project-Code/ros2_ws/src/freddy_single_arm_control/install/motion_specification_interfaces/share/motion_specification_interfaces/local_setup.bash
[0.349s] -- Up-to-date: /home/linux/Master-thesis/Project-Code/ros2_ws/src/freddy_single_arm_control/install/motion_specification_interfaces/share/motion_specification_interfaces/local_setup.sh
[0.349s] -- Up-to-date: /home/linux/Master-thesis/Project-Code/ros2_ws/src/freddy_single_arm_control/install/motion_specification_interfaces/share/motion_specification_interfaces/local_setup.zsh
[0.349s] -- Up-to-date: /home/linux/Master-thesis/Project-Code/ros2_ws/src/freddy_single_arm_control/install/motion_specification_interfaces/share/motion_specification_interfaces/local_setup.dsv
[0.349s] -- Installing: /home/linux/Master-thesis/Project-Code/ros2_ws/src/freddy_single_arm_control/install/motion_specification_interfaces/share/motion_specification_interfaces/package.dsv
[0.349s] -- Up-to-date: /home/linux/Master-thesis/Project-Code/ros2_ws/src/freddy_single_arm_control/install/motion_specification_interfaces/share/ament_index/resource_index/packages/motion_specification_interfaces
[0.349s] -- Up-to-date: /home/linux/Master-thesis/Project-Code/ros2_ws/src/freddy_single_arm_control/install/motion_specification_interfaces/share/motion_specification_interfaces/cmake/export_motion_specification_interfaces__rosidl_generator_cExport.cmake
[0.349s] -- Up-to-date: /home/linux/Master-thesis/Project-Code/ros2_ws/src/freddy_single_arm_control/install/motion_specification_interfaces/share/motion_specification_interfaces/cmake/export_motion_specification_interfaces__rosidl_generator_cExport-noconfig.cmake
[0.349s] -- Up-to-date: /home/linux/Master-thesis/Project-Code/ros2_ws/src/freddy_single_arm_control/install/motion_specification_interfaces/share/motion_specification_interfaces/cmake/export_motion_specification_interfaces__rosidl_typesupport_fastrtps_cExport.cmake
[0.349s] -- Up-to-date: /home/linux/Master-thesis/Project-Code/ros2_ws/src/freddy_single_arm_control/install/motion_specification_interfaces/share/motion_specification_interfaces/cmake/export_motion_specification_interfaces__rosidl_typesupport_fastrtps_cExport-noconfig.cmake
[0.349s] -- Up-to-date: /home/linux/Master-thesis/Project-Code/ros2_ws/src/freddy_single_arm_control/install/motion_specification_interfaces/share/motion_specification_interfaces/cmake/motion_specification_interfaces__rosidl_typesupport_introspection_cExport.cmake
[0.349s] -- Up-to-date: /home/linux/Master-thesis/Project-Code/ros2_ws/src/freddy_single_arm_control/install/motion_specification_interfaces/share/motion_specification_interfaces/cmake/motion_specification_interfaces__rosidl_typesupport_introspection_cExport-noconfig.cmake
[0.349s] -- Up-to-date: /home/linux/Master-thesis/Project-Code/ros2_ws/src/freddy_single_arm_control/install/motion_specification_interfaces/share/motion_specification_interfaces/cmake/motion_specification_interfaces__rosidl_typesupport_cExport.cmake
[0.349s] -- Up-to-date: /home/linux/Master-thesis/Project-Code/ros2_ws/src/freddy_single_arm_control/install/motion_specification_interfaces/share/motion_specification_interfaces/cmake/motion_specification_interfaces__rosidl_typesupport_cExport-noconfig.cmake
[0.349s] -- Up-to-date: /home/linux/Master-thesis/Project-Code/ros2_ws/src/freddy_single_arm_control/install/motion_specification_interfaces/share/motion_specification_interfaces/cmake/export_motion_specification_interfaces__rosidl_generator_cppExport.cmake
[0.349s] -- Up-to-date: /home/linux/Master-thesis/Project-Code/ros2_ws/src/freddy_single_arm_control/install/motion_specification_interfaces/share/motion_specification_interfaces/cmake/export_motion_specification_interfaces__rosidl_typesupport_fastrtps_cppExport.cmake
[0.349s] -- Up-to-date: /home/linux/Master-thesis/Project-Code/ros2_ws/src/freddy_single_arm_control/install/motion_specification_interfaces/share/motion_specification_interfaces/cmake/export_motion_specification_interfaces__rosidl_typesupport_fastrtps_cppExport-noconfig.cmake
[0.350s] -- Up-to-date: /home/linux/Master-thesis/Project-Code/ros2_ws/src/freddy_single_arm_control/install/motion_specification_interfaces/share/motion_specification_interfaces/cmake/motion_specification_interfaces__rosidl_typesupport_introspection_cppExport.cmake
[0.350s] -- Up-to-date: /home/linux/Master-thesis/Project-Code/ros2_ws/src/freddy_single_arm_control/install/motion_specification_interfaces/share/motion_specification_interfaces/cmake/motion_specification_interfaces__rosidl_typesupport_introspection_cppExport-noconfig.cmake
[0.350s] -- Up-to-date: /home/linux/Master-thesis/Project-Code/ros2_ws/src/freddy_single_arm_control/install/motion_specification_interfaces/share/motion_specification_interfaces/cmake/motion_specification_interfaces__rosidl_typesupport_cppExport.cmake
[0.350s] -- Up-to-date: /home/linux/Master-thesis/Project-Code/ros2_ws/src/freddy_single_arm_control/install/motion_specification_interfaces/share/motion_specification_interfaces/cmake/motion_specification_interfaces__rosidl_typesupport_cppExport-noconfig.cmake
[0.350s] -- Up-to-date: /home/linux/Master-thesis/Project-Code/ros2_ws/src/freddy_single_arm_control/install/motion_specification_interfaces/share/motion_specification_interfaces/cmake/export_motion_specification_interfaces__rosidl_generator_pyExport.cmake
[0.350s] -- Up-to-date: /home/linux/Master-thesis/Project-Code/ros2_ws/src/freddy_single_arm_control/install/motion_specification_interfaces/share/motion_specification_interfaces/cmake/export_motion_specification_interfaces__rosidl_generator_pyExport-noconfig.cmake
[0.350s] -- Up-to-date: /home/linux/Master-thesis/Project-Code/ros2_ws/src/freddy_single_arm_control/install/motion_specification_interfaces/share/motion_specification_interfaces/cmake/rosidl_cmake-extras.cmake
[0.351s] -- Up-to-date: /home/linux/Master-thesis/Project-Code/ros2_ws/src/freddy_single_arm_control/install/motion_specification_interfaces/share/motion_specification_interfaces/cmake/ament_cmake_export_dependencies-extras.cmake
[0.351s] -- Up-to-date: /home/linux/Master-thesis/Project-Code/ros2_ws/src/freddy_single_arm_control/install/motion_specification_interfaces/share/motion_specification_interfaces/cmake/ament_cmake_export_include_directories-extras.cmake
[0.351s] -- Up-to-date: /home/linux/Master-thesis/Project-Code/ros2_ws/src/freddy_single_arm_control/install/motion_specification_interfaces/share/motion_specification_interfaces/cmake/ament_cmake_export_libraries-extras.cmake
[0.351s] -- Up-to-date: /home/linux/Master-thesis/Project-Code/ros2_ws/src/freddy_single_arm_control/install/motion_specification_interfaces/share/motion_specification_interfaces/cmake/ament_cmake_export_targets-extras.cmake
[0.351s] -- Up-to-date: /home/linux/Master-thesis/Project-Code/ros2_ws/src/freddy_single_arm_control/install/motion_specification_interfaces/share/motion_specification_interfaces/cmake/rosidl_cmake_export_typesupport_targets-extras.cmake
[0.351s] -- Up-to-date: /home/linux/Master-thesis/Project-Code/ros2_ws/src/freddy_single_arm_control/install/motion_specification_interfaces/share/motion_specification_interfaces/cmake/rosidl_cmake_export_typesupport_libraries-extras.cmake
[0.351s] -- Up-to-date: /home/linux/Master-thesis/Project-Code/ros2_ws/src/freddy_single_arm_control/install/motion_specification_interfaces/share/motion_specification_interfaces/cmake/motion_specification_interfacesConfig.cmake
[0.351s] -- Up-to-date: /home/linux/Master-thesis/Project-Code/ros2_ws/src/freddy_single_arm_control/install/motion_specification_interfaces/share/motion_specification_interfaces/cmake/motion_specification_interfacesConfig-version.cmake
[0.351s] -- Up-to-date: /home/linux/Master-thesis/Project-Code/ros2_ws/src/freddy_single_arm_control/install/motion_specification_interfaces/share/motion_specification_interfaces/package.xml
[0.351s] Invoked command in '/home/linux/Master-thesis/Project-Code/ros2_ws/src/freddy_single_arm_control/build/motion_specification_interfaces' returned '0': CMAKE_PREFIX_PATH=${CMAKE_PREFIX_PATH}:/home/linux/Master-thesis/Project-Code/ros2_ws/install/robot_controller2:/opt/ros/jazzy DEBUGINFOD_URLS=https://debuginfod.ubuntu.com /usr/bin/cmake --install /home/linux/Master-thesis/Project-Code/ros2_ws/src/freddy_single_arm_control/build/motion_specification_interfaces
