[0.017s] Invoking command in '/home/linux/Master-thesis/Project-Code/ros2_ws/src/freddy_single_arm_control/build/motion_specification_interfaces': CMAKE_PREFIX_PATH=${CMAKE_PREFIX_PATH}:/home/linux/Master-thesis/Project-Code/ros2_ws/install/robot_controller2:/opt/ros/jazzy DEBUGINFOD_URLS=https://debuginfod.ubuntu.com /usr/bin/cmake --build /home/linux/Master-thesis/Project-Code/ros2_ws/src/freddy_single_arm_control/build/motion_specification_interfaces -- -j12 -l12
[0.091s] [  2%] Built target motion_specification_interfaces__rosidl_generator_type_description
[0.113s] [  2%] Built target ament_cmake_python_copy_motion_specification_interfaces
[0.129s] [  5%] Built target motion_specification_interfaces__cpp
[0.139s] [ 20%] Built target motion_specification_interfaces__rosidl_generator_c
[0.185s] [ 29%] Built target motion_specification_interfaces__rosidl_typesupport_c
[0.186s] [ 38%] Built target motion_specification_interfaces__rosidl_typesupport_introspection_c
[0.188s] [ 47%] Built target motion_specification_interfaces__rosidl_typesupport_fastrtps_c
[0.191s] [ 55%] Built target motion_specification_interfaces__rosidl_typesupport_fastrtps_cpp
[0.192s] [ 64%] Built target motion_specification_interfaces__rosidl_typesupport_introspection_cpp
[0.192s] [ 73%] Built target motion_specification_interfaces__rosidl_typesupport_cpp
[0.217s] [ 73%] Built target motion_specification_interfaces
[0.242s] [ 76%] Built target motion_specification_interfaces__py
[0.274s] [ 82%] Built target motion_specification_interfaces__rosidl_generator_py
[0.299s] [ 88%] Built target motion_specification_interfaces_s__rosidl_typesupport_introspection_c
[0.303s] [ 94%] Built target motion_specification_interfaces_s__rosidl_typesupport_c
[0.304s] [100%] Built target motion_specification_interfaces_s__rosidl_typesupport_fastrtps_c
[0.412s] running egg_info
[0.432s] writing motion_specification_interfaces.egg-info/PKG-INFO
[0.433s] writing dependency_links to motion_specification_interfaces.egg-info/dependency_links.txt
[0.433s] writing top-level names to motion_specification_interfaces.egg-info/top_level.txt
[0.492s] reading manifest file 'motion_specification_interfaces.egg-info/SOURCES.txt'
[0.493s] writing manifest file 'motion_specification_interfaces.egg-info/SOURCES.txt'
[0.534s] [100%] Built target ament_cmake_python_build_motion_specification_interfaces_egg
[0.548s] Invoked command in '/home/linux/Master-thesis/Project-Code/ros2_ws/src/freddy_single_arm_control/build/motion_specification_interfaces' returned '0': CMAKE_PREFIX_PATH=${CMAKE_PREFIX_PATH}:/home/linux/Master-thesis/Project-Code/ros2_ws/install/robot_controller2:/opt/ros/jazzy DEBUGINFOD_URLS=https://debuginfod.ubuntu.com /usr/bin/cmake --build /home/linux/Master-thesis/Project-Code/ros2_ws/src/freddy_single_arm_control/build/motion_specification_interfaces -- -j12 -l12
[0.560s] Invoking command in '/home/linux/Master-thesis/Project-Code/ros2_ws/src/freddy_single_arm_control/build/motion_specification_interfaces': CMAKE_PREFIX_PATH=${CMAKE_PREFIX_PATH}:/home/linux/Master-thesis/Project-Code/ros2_ws/install/robot_controller2:/opt/ros/jazzy DEBUGINFOD_URLS=https://debuginfod.ubuntu.com /usr/bin/cmake --install /home/linux/Master-thesis/Project-Code/ros2_ws/src/freddy_single_arm_control/build/motion_specification_interfaces
[0.570s] -- Install configuration: ""
[0.570s] -- Up-to-date: /home/linux/Master-thesis/Project-Code/ros2_ws/src/freddy_single_arm_control/install/motion_specification_interfaces/share/ament_index/resource_index/rosidl_interfaces/motion_specification_interfaces
[0.570s] -- Up-to-date: /home/linux/Master-thesis/Project-Code/ros2_ws/src/freddy_single_arm_control/install/motion_specification_interfaces/share/motion_specification_interfaces/action/MotionSpecification.json
[0.571s] -- Up-to-date: /home/linux/Master-thesis/Project-Code/ros2_ws/src/freddy_single_arm_control/install/motion_specification_interfaces/include/motion_specification_interfaces/motion_specification_interfaces
[0.571s] -- Up-to-date: /home/linux/Master-thesis/Project-Code/ros2_ws/src/freddy_single_arm_control/install/motion_specification_interfaces/include/motion_specification_interfaces/motion_specification_interfaces/msg
[0.571s] -- Up-to-date: /home/linux/Master-thesis/Project-Code/ros2_ws/src/freddy_single_arm_control/install/motion_specification_interfaces/include/motion_specification_interfaces/motion_specification_interfaces/msg/rosidl_generator_c__visibility_control.h
[0.571s] -- Up-to-date: /home/linux/Master-thesis/Project-Code/ros2_ws/src/freddy_single_arm_control/install/motion_specification_interfaces/include/motion_specification_interfaces/motion_specification_interfaces/action
[0.572s] -- Up-to-date: /home/linux/Master-thesis/Project-Code/ros2_ws/src/freddy_single_arm_control/install/motion_specification_interfaces/include/motion_specification_interfaces/motion_specification_interfaces/action/detail
[0.572s] -- Up-to-date: /home/linux/Master-thesis/Project-Code/ros2_ws/src/freddy_single_arm_control/install/motion_specification_interfaces/include/motion_specification_interfaces/motion_specification_interfaces/action/detail/motion_specification__functions.h
[0.572s] -- Up-to-date: /home/linux/Master-thesis/Project-Code/ros2_ws/src/freddy_single_arm_control/install/motion_specification_interfaces/include/motion_specification_interfaces/motion_specification_interfaces/action/detail/motion_specification__functions.c
[0.572s] -- Up-to-date: /home/linux/Master-thesis/Project-Code/ros2_ws/src/freddy_single_arm_control/install/motion_specification_interfaces/include/motion_specification_interfaces/motion_specification_interfaces/action/detail/motion_specification__type_support.h
[0.573s] -- Up-to-date: /home/linux/Master-thesis/Project-Code/ros2_ws/src/freddy_single_arm_control/install/motion_specification_interfaces/include/motion_specification_interfaces/motion_specification_interfaces/action/detail/motion_specification__type_support.c
[0.573s] -- Up-to-date: /home/linux/Master-thesis/Project-Code/ros2_ws/src/freddy_single_arm_control/install/motion_specification_interfaces/include/motion_specification_interfaces/motion_specification_interfaces/action/detail/motion_specification__struct.h
[0.573s] -- Up-to-date: /home/linux/Master-thesis/Project-Code/ros2_ws/src/freddy_single_arm_control/install/motion_specification_interfaces/include/motion_specification_interfaces/motion_specification_interfaces/action/detail/motion_specification__description.c
[0.573s] -- Up-to-date: /home/linux/Master-thesis/Project-Code/ros2_ws/src/freddy_single_arm_control/install/motion_specification_interfaces/include/motion_specification_interfaces/motion_specification_interfaces/action/motion_specification.h
[0.573s] -- Up-to-date: /home/linux/Master-thesis/Project-Code/ros2_ws/src/freddy_single_arm_control/install/motion_specification_interfaces/share/motion_specification_interfaces/environment/library_path.sh
[0.573s] -- Up-to-date: /home/linux/Master-thesis/Project-Code/ros2_ws/src/freddy_single_arm_control/install/motion_specification_interfaces/share/motion_specification_interfaces/environment/library_path.dsv
[0.573s] -- Up-to-date: /home/linux/Master-thesis/Project-Code/ros2_ws/src/freddy_single_arm_control/install/motion_specification_interfaces/lib/libmotion_specification_interfaces__rosidl_generator_c.so
[0.573s] -- Up-to-date: /home/linux/Master-thesis/Project-Code/ros2_ws/src/freddy_single_arm_control/install/motion_specification_interfaces/include/motion_specification_interfaces/motion_specification_interfaces
[0.573s] -- Up-to-date: /home/linux/Master-thesis/Project-Code/ros2_ws/src/freddy_single_arm_control/install/motion_specification_interfaces/include/motion_specification_interfaces/motion_specification_interfaces/msg
[0.573s] -- Up-to-date: /home/linux/Master-thesis/Project-Code/ros2_ws/src/freddy_single_arm_control/install/motion_specification_interfaces/include/motion_specification_interfaces/motion_specification_interfaces/msg/rosidl_typesupport_fastrtps_c__visibility_control.h
[0.573s] -- Up-to-date: /home/linux/Master-thesis/Project-Code/ros2_ws/src/freddy_single_arm_control/install/motion_specification_interfaces/include/motion_specification_interfaces/motion_specification_interfaces/action
[0.573s] -- Up-to-date: /home/linux/Master-thesis/Project-Code/ros2_ws/src/freddy_single_arm_control/install/motion_specification_interfaces/include/motion_specification_interfaces/motion_specification_interfaces/action/detail
[0.574s] -- Up-to-date: /home/linux/Master-thesis/Project-Code/ros2_ws/src/freddy_single_arm_control/install/motion_specification_interfaces/include/motion_specification_interfaces/motion_specification_interfaces/action/detail/motion_specification__rosidl_typesupport_fastrtps_c.h
[0.574s] -- Up-to-date: /home/linux/Master-thesis/Project-Code/ros2_ws/src/freddy_single_arm_control/install/motion_specification_interfaces/lib/libmotion_specification_interfaces__rosidl_typesupport_fastrtps_c.so
[0.574s] -- Up-to-date: /home/linux/Master-thesis/Project-Code/ros2_ws/src/freddy_single_arm_control/install/motion_specification_interfaces/include/motion_specification_interfaces/motion_specification_interfaces
[0.574s] -- Up-to-date: /home/linux/Master-thesis/Project-Code/ros2_ws/src/freddy_single_arm_control/install/motion_specification_interfaces/include/motion_specification_interfaces/motion_specification_interfaces/msg
[0.574s] -- Up-to-date: /home/linux/Master-thesis/Project-Code/ros2_ws/src/freddy_single_arm_control/install/motion_specification_interfaces/include/motion_specification_interfaces/motion_specification_interfaces/msg/rosidl_typesupport_introspection_c__visibility_control.h
[0.574s] -- Up-to-date: /home/linux/Master-thesis/Project-Code/ros2_ws/src/freddy_single_arm_control/install/motion_specification_interfaces/include/motion_specification_interfaces/motion_specification_interfaces/action
[0.574s] -- Up-to-date: /home/linux/Master-thesis/Project-Code/ros2_ws/src/freddy_single_arm_control/install/motion_specification_interfaces/include/motion_specification_interfaces/motion_specification_interfaces/action/detail
[0.574s] -- Up-to-date: /home/linux/Master-thesis/Project-Code/ros2_ws/src/freddy_single_arm_control/install/motion_specification_interfaces/include/motion_specification_interfaces/motion_specification_interfaces/action/detail/motion_specification__rosidl_typesupport_introspection_c.h
[0.574s] -- Up-to-date: /home/linux/Master-thesis/Project-Code/ros2_ws/src/freddy_single_arm_control/install/motion_specification_interfaces/include/motion_specification_interfaces/motion_specification_interfaces/action/detail/motion_specification__type_support.c
[0.574s] -- Up-to-date: /home/linux/Master-thesis/Project-Code/ros2_ws/src/freddy_single_arm_control/install/motion_specification_interfaces/lib/libmotion_specification_interfaces__rosidl_typesupport_introspection_c.so
[0.575s] -- Up-to-date: /home/linux/Master-thesis/Project-Code/ros2_ws/src/freddy_single_arm_control/install/motion_specification_interfaces/lib/libmotion_specification_interfaces__rosidl_typesupport_c.so
[0.575s] -- Up-to-date: /home/linux/Master-thesis/Project-Code/ros2_ws/src/freddy_single_arm_control/install/motion_specification_interfaces/include/motion_specification_interfaces/motion_specification_interfaces
[0.575s] -- Up-to-date: /home/linux/Master-thesis/Project-Code/ros2_ws/src/freddy_single_arm_control/install/motion_specification_interfaces/include/motion_specification_interfaces/motion_specification_interfaces/msg
[0.575s] -- Up-to-date: /home/linux/Master-thesis/Project-Code/ros2_ws/src/freddy_single_arm_control/install/motion_specification_interfaces/include/motion_specification_interfaces/motion_specification_interfaces/msg/rosidl_generator_cpp__visibility_control.hpp
[0.575s] -- Up-to-date: /home/linux/Master-thesis/Project-Code/ros2_ws/src/freddy_single_arm_control/install/motion_specification_interfaces/include/motion_specification_interfaces/motion_specification_interfaces/action
[0.575s] -- Up-to-date: /home/linux/Master-thesis/Project-Code/ros2_ws/src/freddy_single_arm_control/install/motion_specification_interfaces/include/motion_specification_interfaces/motion_specification_interfaces/action/motion_specification.hpp
[0.575s] -- Up-to-date: /home/linux/Master-thesis/Project-Code/ros2_ws/src/freddy_single_arm_control/install/motion_specification_interfaces/include/motion_specification_interfaces/motion_specification_interfaces/action/detail
[0.575s] -- Up-to-date: /home/linux/Master-thesis/Project-Code/ros2_ws/src/freddy_single_arm_control/install/motion_specification_interfaces/include/motion_specification_interfaces/motion_specification_interfaces/action/detail/motion_specification__type_support.hpp
[0.575s] -- Up-to-date: /home/linux/Master-thesis/Project-Code/ros2_ws/src/freddy_single_arm_control/install/motion_specification_interfaces/include/motion_specification_interfaces/motion_specification_interfaces/action/detail/motion_specification__struct.hpp
[0.575s] -- Up-to-date: /home/linux/Master-thesis/Project-Code/ros2_ws/src/freddy_single_arm_control/install/motion_specification_interfaces/include/motion_specification_interfaces/motion_specification_interfaces/action/detail/motion_specification__builder.hpp
[0.575s] -- Up-to-date: /home/linux/Master-thesis/Project-Code/ros2_ws/src/freddy_single_arm_control/install/motion_specification_interfaces/include/motion_specification_interfaces/motion_specification_interfaces/action/detail/motion_specification__traits.hpp
[0.575s] -- Up-to-date: /home/linux/Master-thesis/Project-Code/ros2_ws/src/freddy_single_arm_control/install/motion_specification_interfaces/include/motion_specification_interfaces/motion_specification_interfaces
[0.576s] -- Up-to-date: /home/linux/Master-thesis/Project-Code/ros2_ws/src/freddy_single_arm_control/install/motion_specification_interfaces/include/motion_specification_interfaces/motion_specification_interfaces/msg
[0.576s] -- Up-to-date: /home/linux/Master-thesis/Project-Code/ros2_ws/src/freddy_single_arm_control/install/motion_specification_interfaces/include/motion_specification_interfaces/motion_specification_interfaces/msg/rosidl_typesupport_fastrtps_cpp__visibility_control.h
[0.576s] -- Up-to-date: /home/linux/Master-thesis/Project-Code/ros2_ws/src/freddy_single_arm_control/install/motion_specification_interfaces/include/motion_specification_interfaces/motion_specification_interfaces/action
[0.576s] -- Up-to-date: /home/linux/Master-thesis/Project-Code/ros2_ws/src/freddy_single_arm_control/install/motion_specification_interfaces/include/motion_specification_interfaces/motion_specification_interfaces/action/detail
[0.576s] -- Up-to-date: /home/linux/Master-thesis/Project-Code/ros2_ws/src/freddy_single_arm_control/install/motion_specification_interfaces/include/motion_specification_interfaces/motion_specification_interfaces/action/detail/motion_specification__rosidl_typesupport_fastrtps_cpp.hpp
[0.576s] -- Up-to-date: /home/linux/Master-thesis/Project-Code/ros2_ws/src/freddy_single_arm_control/install/motion_specification_interfaces/include/motion_specification_interfaces/motion_specification_interfaces/action/detail/dds_fastrtps
[0.576s] -- Up-to-date: /home/linux/Master-thesis/Project-Code/ros2_ws/src/freddy_single_arm_control/install/motion_specification_interfaces/lib/libmotion_specification_interfaces__rosidl_typesupport_fastrtps_cpp.so
[0.576s] -- Up-to-date: /home/linux/Master-thesis/Project-Code/ros2_ws/src/freddy_single_arm_control/install/motion_specification_interfaces/include/motion_specification_interfaces/motion_specification_interfaces
[0.576s] -- Up-to-date: /home/linux/Master-thesis/Project-Code/ros2_ws/src/freddy_single_arm_control/install/motion_specification_interfaces/include/motion_specification_interfaces/motion_specification_interfaces/action
[0.576s] -- Up-to-date: /home/linux/Master-thesis/Project-Code/ros2_ws/src/freddy_single_arm_control/install/motion_specification_interfaces/include/motion_specification_interfaces/motion_specification_interfaces/action/detail
[0.576s] -- Up-to-date: /home/linux/Master-thesis/Project-Code/ros2_ws/src/freddy_single_arm_control/install/motion_specification_interfaces/include/motion_specification_interfaces/motion_specification_interfaces/action/detail/motion_specification__type_support.cpp
[0.576s] -- Up-to-date: /home/linux/Master-thesis/Project-Code/ros2_ws/src/freddy_single_arm_control/install/motion_specification_interfaces/include/motion_specification_interfaces/motion_specification_interfaces/action/detail/motion_specification__rosidl_typesupport_introspection_cpp.hpp
[0.576s] -- Up-to-date: /home/linux/Master-thesis/Project-Code/ros2_ws/src/freddy_single_arm_control/install/motion_specification_interfaces/lib/libmotion_specification_interfaces__rosidl_typesupport_introspection_cpp.so
[0.577s] -- Up-to-date: /home/linux/Master-thesis/Project-Code/ros2_ws/src/freddy_single_arm_control/install/motion_specification_interfaces/lib/libmotion_specification_interfaces__rosidl_typesupport_cpp.so
[0.577s] -- Up-to-date: /home/linux/Master-thesis/Project-Code/ros2_ws/src/freddy_single_arm_control/install/motion_specification_interfaces/share/motion_specification_interfaces/environment/pythonpath.sh
[0.577s] -- Up-to-date: /home/linux/Master-thesis/Project-Code/ros2_ws/src/freddy_single_arm_control/install/motion_specification_interfaces/share/motion_specification_interfaces/environment/pythonpath.dsv
[0.577s] -- Up-to-date: /home/linux/Master-thesis/Project-Code/ros2_ws/src/freddy_single_arm_control/install/motion_specification_interfaces/lib/python3.12/site-packages/motion_specification_interfaces-0.0.0-py3.12.egg-info
[0.577s] -- Installing: /home/linux/Master-thesis/Project-Code/ros2_ws/src/freddy_single_arm_control/install/motion_specification_interfaces/lib/python3.12/site-packages/motion_specification_interfaces-0.0.0-py3.12.egg-info/SOURCES.txt
[0.577s] -- Installing: /home/linux/Master-thesis/Project-Code/ros2_ws/src/freddy_single_arm_control/install/motion_specification_interfaces/lib/python3.12/site-packages/motion_specification_interfaces-0.0.0-py3.12.egg-info/dependency_links.txt
[0.577s] -- Installing: /home/linux/Master-thesis/Project-Code/ros2_ws/src/freddy_single_arm_control/install/motion_specification_interfaces/lib/python3.12/site-packages/motion_specification_interfaces-0.0.0-py3.12.egg-info/top_level.txt
[0.577s] -- Installing: /home/linux/Master-thesis/Project-Code/ros2_ws/src/freddy_single_arm_control/install/motion_specification_interfaces/lib/python3.12/site-packages/motion_specification_interfaces-0.0.0-py3.12.egg-info/PKG-INFO
[0.577s] -- Up-to-date: /home/linux/Master-thesis/Project-Code/ros2_ws/src/freddy_single_arm_control/install/motion_specification_interfaces/lib/python3.12/site-packages/motion_specification_interfaces
[0.578s] -- Up-to-date: /home/linux/Master-thesis/Project-Code/ros2_ws/src/freddy_single_arm_control/install/motion_specification_interfaces/lib/python3.12/site-packages/motion_specification_interfaces/motion_specification_interfaces_s__rosidl_typesupport_c.so
[0.578s] -- Up-to-date: /home/linux/Master-thesis/Project-Code/ros2_ws/src/freddy_single_arm_control/install/motion_specification_interfaces/lib/python3.12/site-packages/motion_specification_interfaces/motion_specification_interfaces_s__rosidl_typesupport_fastrtps_c.so
[0.578s] -- Up-to-date: /home/linux/Master-thesis/Project-Code/ros2_ws/src/freddy_single_arm_control/install/motion_specification_interfaces/lib/python3.12/site-packages/motion_specification_interfaces/_motion_specification_interfaces_s.ep.rosidl_typesupport_c.c
[0.578s] -- Up-to-date: /home/linux/Master-thesis/Project-Code/ros2_ws/src/freddy_single_arm_control/install/motion_specification_interfaces/lib/python3.12/site-packages/motion_specification_interfaces/__init__.py
[0.578s] -- Up-to-date: /home/linux/Master-thesis/Project-Code/ros2_ws/src/freddy_single_arm_control/install/motion_specification_interfaces/lib/python3.12/site-packages/motion_specification_interfaces/_motion_specification_interfaces_s.ep.rosidl_typesupport_fastrtps_c.c
[0.578s] -- Up-to-date: /home/linux/Master-thesis/Project-Code/ros2_ws/src/freddy_single_arm_control/install/motion_specification_interfaces/lib/python3.12/site-packages/motion_specification_interfaces/action
[0.578s] -- Up-to-date: /home/linux/Master-thesis/Project-Code/ros2_ws/src/freddy_single_arm_control/install/motion_specification_interfaces/lib/python3.12/site-packages/motion_specification_interfaces/action/__init__.py
[0.578s] -- Up-to-date: /home/linux/Master-thesis/Project-Code/ros2_ws/src/freddy_single_arm_control/install/motion_specification_interfaces/lib/python3.12/site-packages/motion_specification_interfaces/action/_motion_specification_s.c
[0.578s] -- Up-to-date: /home/linux/Master-thesis/Project-Code/ros2_ws/src/freddy_single_arm_control/install/motion_specification_interfaces/lib/python3.12/site-packages/motion_specification_interfaces/action/_motion_specification.py
[0.578s] -- Up-to-date: /home/linux/Master-thesis/Project-Code/ros2_ws/src/freddy_single_arm_control/install/motion_specification_interfaces/lib/python3.12/site-packages/motion_specification_interfaces/motion_specification_interfaces_s__rosidl_typesupport_introspection_c.so
[0.578s] -- Up-to-date: /home/linux/Master-thesis/Project-Code/ros2_ws/src/freddy_single_arm_control/install/motion_specification_interfaces/lib/python3.12/site-packages/motion_specification_interfaces/_motion_specification_interfaces_s.ep.rosidl_typesupport_introspection_c.c
[0.624s] Listing '/home/linux/Master-thesis/Project-Code/ros2_ws/src/freddy_single_arm_control/install/motion_specification_interfaces/lib/python3.12/site-packages/motion_specification_interfaces'...
[0.624s] Listing '/home/linux/Master-thesis/Project-Code/ros2_ws/src/freddy_single_arm_control/install/motion_specification_interfaces/lib/python3.12/site-packages/motion_specification_interfaces/action'...
[0.631s] -- Up-to-date: /home/linux/Master-thesis/Project-Code/ros2_ws/src/freddy_single_arm_control/install/motion_specification_interfaces/lib/python3.12/site-packages/motion_specification_interfaces/motion_specification_interfaces_s__rosidl_typesupport_fastrtps_c.so
[0.632s] -- Up-to-date: /home/linux/Master-thesis/Project-Code/ros2_ws/src/freddy_single_arm_control/install/motion_specification_interfaces/lib/python3.12/site-packages/motion_specification_interfaces/motion_specification_interfaces_s__rosidl_typesupport_introspection_c.so
[0.632s] -- Up-to-date: /home/linux/Master-thesis/Project-Code/ros2_ws/src/freddy_single_arm_control/install/motion_specification_interfaces/lib/python3.12/site-packages/motion_specification_interfaces/motion_specification_interfaces_s__rosidl_typesupport_c.so
[0.633s] -- Up-to-date: /home/linux/Master-thesis/Project-Code/ros2_ws/src/freddy_single_arm_control/install/motion_specification_interfaces/lib/libmotion_specification_interfaces__rosidl_generator_py.so
[0.633s] -- Up-to-date: /home/linux/Master-thesis/Project-Code/ros2_ws/src/freddy_single_arm_control/install/motion_specification_interfaces/share/motion_specification_interfaces/action/MotionSpecification.idl
[0.633s] -- Up-to-date: /home/linux/Master-thesis/Project-Code/ros2_ws/src/freddy_single_arm_control/install/motion_specification_interfaces/share/motion_specification_interfaces/action/MotionSpecification.action
[0.633s] -- Up-to-date: /home/linux/Master-thesis/Project-Code/ros2_ws/src/freddy_single_arm_control/install/motion_specification_interfaces/share/ament_index/resource_index/package_run_dependencies/motion_specification_interfaces
[0.634s] -- Up-to-date: /home/linux/Master-thesis/Project-Code/ros2_ws/src/freddy_single_arm_control/install/motion_specification_interfaces/share/ament_index/resource_index/parent_prefix_path/motion_specification_interfaces
[0.634s] -- Up-to-date: /home/linux/Master-thesis/Project-Code/ros2_ws/src/freddy_single_arm_control/install/motion_specification_interfaces/share/motion_specification_interfaces/environment/ament_prefix_path.sh
[0.634s] -- Up-to-date: /home/linux/Master-thesis/Project-Code/ros2_ws/src/freddy_single_arm_control/install/motion_specification_interfaces/share/motion_specification_interfaces/environment/ament_prefix_path.dsv
[0.634s] -- Up-to-date: /home/linux/Master-thesis/Project-Code/ros2_ws/src/freddy_single_arm_control/install/motion_specification_interfaces/share/motion_specification_interfaces/environment/path.sh
[0.634s] -- Up-to-date: /home/linux/Master-thesis/Project-Code/ros2_ws/src/freddy_single_arm_control/install/motion_specification_interfaces/share/motion_specification_interfaces/environment/path.dsv
[0.634s] -- Up-to-date: /home/linux/Master-thesis/Project-Code/ros2_ws/src/freddy_single_arm_control/install/motion_specification_interfaces/share/motion_specification_interfaces/local_setup.bash
[0.634s] -- Up-to-date: /home/linux/Master-thesis/Project-Code/ros2_ws/src/freddy_single_arm_control/install/motion_specification_interfaces/share/motion_specification_interfaces/local_setup.sh
[0.634s] -- Up-to-date: /home/linux/Master-thesis/Project-Code/ros2_ws/src/freddy_single_arm_control/install/motion_specification_interfaces/share/motion_specification_interfaces/local_setup.zsh
[0.635s] -- Up-to-date: /home/linux/Master-thesis/Project-Code/ros2_ws/src/freddy_single_arm_control/install/motion_specification_interfaces/share/motion_specification_interfaces/local_setup.dsv
[0.635s] -- Installing: /home/linux/Master-thesis/Project-Code/ros2_ws/src/freddy_single_arm_control/install/motion_specification_interfaces/share/motion_specification_interfaces/package.dsv
[0.635s] -- Up-to-date: /home/linux/Master-thesis/Project-Code/ros2_ws/src/freddy_single_arm_control/install/motion_specification_interfaces/share/ament_index/resource_index/packages/motion_specification_interfaces
[0.635s] -- Up-to-date: /home/linux/Master-thesis/Project-Code/ros2_ws/src/freddy_single_arm_control/install/motion_specification_interfaces/share/motion_specification_interfaces/cmake/export_motion_specification_interfaces__rosidl_generator_cExport.cmake
[0.635s] -- Up-to-date: /home/linux/Master-thesis/Project-Code/ros2_ws/src/freddy_single_arm_control/install/motion_specification_interfaces/share/motion_specification_interfaces/cmake/export_motion_specification_interfaces__rosidl_generator_cExport-noconfig.cmake
[0.635s] -- Up-to-date: /home/linux/Master-thesis/Project-Code/ros2_ws/src/freddy_single_arm_control/install/motion_specification_interfaces/share/motion_specification_interfaces/cmake/export_motion_specification_interfaces__rosidl_typesupport_fastrtps_cExport.cmake
[0.635s] -- Up-to-date: /home/linux/Master-thesis/Project-Code/ros2_ws/src/freddy_single_arm_control/install/motion_specification_interfaces/share/motion_specification_interfaces/cmake/export_motion_specification_interfaces__rosidl_typesupport_fastrtps_cExport-noconfig.cmake
[0.635s] -- Up-to-date: /home/linux/Master-thesis/Project-Code/ros2_ws/src/freddy_single_arm_control/install/motion_specification_interfaces/share/motion_specification_interfaces/cmake/motion_specification_interfaces__rosidl_typesupport_introspection_cExport.cmake
[0.636s] -- Up-to-date: /home/linux/Master-thesis/Project-Code/ros2_ws/src/freddy_single_arm_control/install/motion_specification_interfaces/share/motion_specification_interfaces/cmake/motion_specification_interfaces__rosidl_typesupport_introspection_cExport-noconfig.cmake
[0.636s] -- Up-to-date: /home/linux/Master-thesis/Project-Code/ros2_ws/src/freddy_single_arm_control/install/motion_specification_interfaces/share/motion_specification_interfaces/cmake/motion_specification_interfaces__rosidl_typesupport_cExport.cmake
[0.636s] -- Up-to-date: /home/linux/Master-thesis/Project-Code/ros2_ws/src/freddy_single_arm_control/install/motion_specification_interfaces/share/motion_specification_interfaces/cmake/motion_specification_interfaces__rosidl_typesupport_cExport-noconfig.cmake
[0.636s] -- Up-to-date: /home/linux/Master-thesis/Project-Code/ros2_ws/src/freddy_single_arm_control/install/motion_specification_interfaces/share/motion_specification_interfaces/cmake/export_motion_specification_interfaces__rosidl_generator_cppExport.cmake
[0.636s] -- Up-to-date: /home/linux/Master-thesis/Project-Code/ros2_ws/src/freddy_single_arm_control/install/motion_specification_interfaces/share/motion_specification_interfaces/cmake/export_motion_specification_interfaces__rosidl_typesupport_fastrtps_cppExport.cmake
[0.636s] -- Up-to-date: /home/linux/Master-thesis/Project-Code/ros2_ws/src/freddy_single_arm_control/install/motion_specification_interfaces/share/motion_specification_interfaces/cmake/export_motion_specification_interfaces__rosidl_typesupport_fastrtps_cppExport-noconfig.cmake
[0.636s] -- Up-to-date: /home/linux/Master-thesis/Project-Code/ros2_ws/src/freddy_single_arm_control/install/motion_specification_interfaces/share/motion_specification_interfaces/cmake/motion_specification_interfaces__rosidl_typesupport_introspection_cppExport.cmake
[0.637s] -- Up-to-date: /home/linux/Master-thesis/Project-Code/ros2_ws/src/freddy_single_arm_control/install/motion_specification_interfaces/share/motion_specification_interfaces/cmake/motion_specification_interfaces__rosidl_typesupport_introspection_cppExport-noconfig.cmake
[0.637s] -- Up-to-date: /home/linux/Master-thesis/Project-Code/ros2_ws/src/freddy_single_arm_control/install/motion_specification_interfaces/share/motion_specification_interfaces/cmake/motion_specification_interfaces__rosidl_typesupport_cppExport.cmake
[0.637s] -- Up-to-date: /home/linux/Master-thesis/Project-Code/ros2_ws/src/freddy_single_arm_control/install/motion_specification_interfaces/share/motion_specification_interfaces/cmake/motion_specification_interfaces__rosidl_typesupport_cppExport-noconfig.cmake
[0.637s] -- Up-to-date: /home/linux/Master-thesis/Project-Code/ros2_ws/src/freddy_single_arm_control/install/motion_specification_interfaces/share/motion_specification_interfaces/cmake/export_motion_specification_interfaces__rosidl_generator_pyExport.cmake
[0.637s] -- Up-to-date: /home/linux/Master-thesis/Project-Code/ros2_ws/src/freddy_single_arm_control/install/motion_specification_interfaces/share/motion_specification_interfaces/cmake/export_motion_specification_interfaces__rosidl_generator_pyExport-noconfig.cmake
[0.637s] -- Up-to-date: /home/linux/Master-thesis/Project-Code/ros2_ws/src/freddy_single_arm_control/install/motion_specification_interfaces/share/motion_specification_interfaces/cmake/rosidl_cmake-extras.cmake
[0.637s] -- Up-to-date: /home/linux/Master-thesis/Project-Code/ros2_ws/src/freddy_single_arm_control/install/motion_specification_interfaces/share/motion_specification_interfaces/cmake/ament_cmake_export_dependencies-extras.cmake
[0.637s] -- Up-to-date: /home/linux/Master-thesis/Project-Code/ros2_ws/src/freddy_single_arm_control/install/motion_specification_interfaces/share/motion_specification_interfaces/cmake/ament_cmake_export_include_directories-extras.cmake
[0.637s] -- Up-to-date: /home/linux/Master-thesis/Project-Code/ros2_ws/src/freddy_single_arm_control/install/motion_specification_interfaces/share/motion_specification_interfaces/cmake/ament_cmake_export_libraries-extras.cmake
[0.638s] -- Up-to-date: /home/linux/Master-thesis/Project-Code/ros2_ws/src/freddy_single_arm_control/install/motion_specification_interfaces/share/motion_specification_interfaces/cmake/ament_cmake_export_targets-extras.cmake
[0.638s] -- Up-to-date: /home/linux/Master-thesis/Project-Code/ros2_ws/src/freddy_single_arm_control/install/motion_specification_interfaces/share/motion_specification_interfaces/cmake/rosidl_cmake_export_typesupport_targets-extras.cmake
[0.638s] -- Up-to-date: /home/linux/Master-thesis/Project-Code/ros2_ws/src/freddy_single_arm_control/install/motion_specification_interfaces/share/motion_specification_interfaces/cmake/rosidl_cmake_export_typesupport_libraries-extras.cmake
[0.638s] -- Up-to-date: /home/linux/Master-thesis/Project-Code/ros2_ws/src/freddy_single_arm_control/install/motion_specification_interfaces/share/motion_specification_interfaces/cmake/motion_specification_interfacesConfig.cmake
[0.638s] -- Up-to-date: /home/linux/Master-thesis/Project-Code/ros2_ws/src/freddy_single_arm_control/install/motion_specification_interfaces/share/motion_specification_interfaces/cmake/motion_specification_interfacesConfig-version.cmake
[0.638s] -- Up-to-date: /home/linux/Master-thesis/Project-Code/ros2_ws/src/freddy_single_arm_control/install/motion_specification_interfaces/share/motion_specification_interfaces/package.xml
[0.640s] Invoked command in '/home/linux/Master-thesis/Project-Code/ros2_ws/src/freddy_single_arm_control/build/motion_specification_interfaces' returned '0': CMAKE_PREFIX_PATH=${CMAKE_PREFIX_PATH}:/home/linux/Master-thesis/Project-Code/ros2_ws/install/robot_controller2:/opt/ros/jazzy DEBUGINFOD_URLS=https://debuginfod.ubuntu.com /usr/bin/cmake --install /home/linux/Master-thesis/Project-Code/ros2_ws/src/freddy_single_arm_control/build/motion_specification_interfaces
