-- The C compiler identification is GNU 13.3.0
-- The CXX compiler identification is GNU 13.3.0
-- Detecting C compiler ABI info
-- Detecting C compiler ABI info - done
-- Check for working C compiler: /usr/bin/cc - skipped
-- Detecting C compile features
-- Detecting C compile features - done
-- Detecting CXX compiler ABI info
-- Detecting CXX compiler ABI info - done
-- Check for working CXX compiler: /usr/bin/c++ - skipped
-- Detecting CXX compile features
-- Detecting CXX compile features - done
-- Found ament_cmake: 2.5.3 (/opt/ros/jazzy/share/ament_cmake/cmake)
-- Found Python3: /usr/bin/python3 (found version "3.12.3") found components: Interpreter 
-- Found motion_specification_interfaces: 0.0.0 (/home/linux/Master-thesis/Project-Code/ros2_ws/src/freddy_single_arm_control/install/motion_specification_interfaces/share/motion_specification_interfaces/cmake)
-- Found rosidl_generator_c: 4.6.5 (/opt/ros/jazzy/share/rosidl_generator_c/cmake)
-- Found rosidl_generator_cpp: 4.6.5 (/opt/ros/jazzy/share/rosidl_generator_cpp/cmake)
-- Using all available rosidl_typesupport_c: rosidl_typesupport_fastrtps_c;rosidl_typesupport_introspection_c
-- Using all available rosidl_typesupport_cpp: rosidl_typesupport_fastrtps_cpp;rosidl_typesupport_introspection_cpp
-- Found rclcpp: 28.1.6 (/opt/ros/jazzy/share/rclcpp/cmake)
-- Found rmw_implementation_cmake: 7.3.1 (/opt/ros/jazzy/share/rmw_implementation_cmake/cmake)
-- Found rmw_fastrtps_cpp: 8.4.1 (/opt/ros/jazzy/share/rmw_fastrtps_cpp/cmake)
-- Found OpenSSL: /usr/lib/x86_64-linux-gnu/libcrypto.so (found version "3.0.13")  
-- Found FastRTPS: /opt/ros/jazzy/include (Required is at least version "2.13") 
-- Using RMW implementation 'rmw_fastrtps_cpp' as default
-- Found rclcpp_action: 28.1.6 (/opt/ros/jazzy/share/rclcpp_action/cmake)
-- Found rclcpp_components: 28.1.6 (/opt/ros/jazzy/share/rclcpp_components/cmake)
-- Found kdl_parser: 2.11.0 (/opt/ros/jazzy/share/kdl_parser/cmake)
-- Found eigen3_cmake_module: 0.3.0 (/opt/ros/jazzy/share/eigen3_cmake_module/cmake)
-- Found Eigen3: TRUE (found version "3.4.0") 
-- Ensuring Eigen3 include directory is part of orocos-kdl CMake target
-- Found kinova_mediator: 0.1.0 (/home/linux/Master-thesis/Project-Code/ros2_ws/install/kinova_mediator/share/kinova_mediator/cmake)
-- Found sensor_msgs: 5.3.5 (/opt/ros/jazzy/share/sensor_msgs/cmake)
-- Found tf2: 0.36.8 (/opt/ros/jazzy/share/tf2/cmake)
-- Found tf2_ros: 0.36.8 (/opt/ros/jazzy/share/tf2_ros/cmake)
-- Found tf2_geometry_msgs: 0.36.8 (/opt/ros/jazzy/share/tf2_geometry_msgs/cmake)
-- Found tf2_kdl: 0.36.8 (/opt/ros/jazzy/share/tf2_kdl/cmake)
-- Found ament_lint_auto: 0.17.1 (/opt/ros/jazzy/share/ament_lint_auto/cmake)
-- Added test 'cppcheck' to perform static code analysis on C / C++ code
-- Configured cppcheck include dirs: $<BUILD_INTERFACE:/home/linux/Master-thesis/Project-Code/ros2_ws/src/freddy_single_arm_control/motion_specification_action/include>;/home/linux/Master-thesis/Project-Code/ros2_ws/src/freddy_single_arm_control/motion_specification_action/../../kinova_mediator/kinova_api/include;/home/linux/Master-thesis/Project-Code/ros2_ws/src/freddy_single_arm_control/motion_specification_action/../../kinova_mediator/kinova_api/include/client;/home/linux/Master-thesis/Project-Code/ros2_ws/src/freddy_single_arm_control/motion_specification_action/../../kinova_mediator/kinova_api/include/client_stubs;/home/linux/Master-thesis/Project-Code/ros2_ws/src/freddy_single_arm_control/motion_specification_action/../../kinova_mediator/kinova_api/include/common;/home/linux/Master-thesis/Project-Code/ros2_ws/src/freddy_single_arm_control/motion_specification_action/../../kinova_mediator/kinova_api/include/google;/home/linux/Master-thesis/Project-Code/ros2_ws/src/freddy_single_arm_control/motion_specification_action/../../kinova_mediator/kinova_api/include/messages
-- Configured cppcheck exclude dirs and/or files: 
-- Added test 'lint_cmake' to check CMake code style
-- Added test 'uncrustify' to check C / C++ code style
-- Configured uncrustify additional arguments: 
-- Added test 'xmllint' to check XML markup files
-- Configuring done (1.1s)
-- Generating done (0.0s)
-- Build files have been written to: /home/linux/Master-thesis/Project-Code/ros2_ws/src/freddy_single_arm_control/build/motion_specification_action
[ 10%] [32mBuilding CXX object CMakeFiles/action_server.dir/src/motion_specification_server.cpp.o[0m
[ 20%] [32mBuilding C object CMakeFiles/action_server.dir/src/control_blocks.c.o[0m
[ 30%] [32mBuilding C object CMakeFiles/action_server.dir/src/monitors.c.o[0m
[ 40%] [32mBuilding CXX object CMakeFiles/motion_specification_action_client.dir/rclcpp_components/node_main_motion_specification_action_client.cpp.o[0m
[ 50%] [32mBuilding CXX object CMakeFiles/action_client.dir/src/motion_specification_client.cpp.o[0m
[ 60%] [32mBuilding CXX object CMakeFiles/motion_specification_action_server.dir/rclcpp_components/node_main_motion_specification_action_server.cpp.o[0m
[ 70%] [32m[1mLinking CXX executable motion_specification_action_client[0m
[ 70%] Built target motion_specification_action_client
[ 80%] [32m[1mLinking CXX executable motion_specification_action_server[0m
[ 80%] Built target motion_specification_action_server
[ 90%] [32m[1mLinking CXX shared library libaction_client.so[0m
[ 90%] Built target action_client
[100%] [32m[1mLinking CXX shared library libaction_server.so[0m
[100%] Built target action_server
-- Install configuration: ""
-- Installing: /home/linux/Master-thesis/Project-Code/ros2_ws/src/freddy_single_arm_control/install/motion_specification_action/lib/motion_specification_action/motion_specification_action_client
-- Set non-toolchain portion of runtime path of "/home/linux/Master-thesis/Project-Code/ros2_ws/src/freddy_single_arm_control/install/motion_specification_action/lib/motion_specification_action/motion_specification_action_client" to ""
-- Installing: /home/linux/Master-thesis/Project-Code/ros2_ws/src/freddy_single_arm_control/install/motion_specification_action/lib/libaction_client.so
-- Set non-toolchain portion of runtime path of "/home/linux/Master-thesis/Project-Code/ros2_ws/src/freddy_single_arm_control/install/motion_specification_action/lib/libaction_client.so" to ""
-- Installing: /home/linux/Master-thesis/Project-Code/ros2_ws/src/freddy_single_arm_control/install/motion_specification_action/lib/motion_specification_action/motion_specification_action_server
-- Set non-toolchain portion of runtime path of "/home/linux/Master-thesis/Project-Code/ros2_ws/src/freddy_single_arm_control/install/motion_specification_action/lib/motion_specification_action/motion_specification_action_server" to ""
-- Installing: /home/linux/Master-thesis/Project-Code/ros2_ws/src/freddy_single_arm_control/install/motion_specification_action/lib/libaction_server.so
-- Set non-toolchain portion of runtime path of "/home/linux/Master-thesis/Project-Code/ros2_ws/src/freddy_single_arm_control/install/motion_specification_action/lib/libaction_server.so" to ""
-- Installing: /home/linux/Master-thesis/Project-Code/ros2_ws/src/freddy_single_arm_control/install/motion_specification_action/share/motion_specification_action/config
-- Installing: /home/linux/Master-thesis/Project-Code/ros2_ws/src/freddy_single_arm_control/install/motion_specification_action/share/motion_specification_action/config/ms_config.yaml
-- Installing: /home/linux/Master-thesis/Project-Code/ros2_ws/src/freddy_single_arm_control/install/motion_specification_action/share/motion_specification_action/urdf
-- Installing: /home/linux/Master-thesis/Project-Code/ros2_ws/src/freddy_single_arm_control/install/motion_specification_action/share/motion_specification_action/urdf/Kinova_1.urdf
-- Installing: /home/linux/Master-thesis/Project-Code/ros2_ws/src/freddy_single_arm_control/install/motion_specification_action/share/ament_index/resource_index/package_run_dependencies/motion_specification_action
-- Installing: /home/linux/Master-thesis/Project-Code/ros2_ws/src/freddy_single_arm_control/install/motion_specification_action/share/ament_index/resource_index/parent_prefix_path/motion_specification_action
-- Installing: /home/linux/Master-thesis/Project-Code/ros2_ws/src/freddy_single_arm_control/install/motion_specification_action/share/motion_specification_action/environment/ament_prefix_path.sh
-- Installing: /home/linux/Master-thesis/Project-Code/ros2_ws/src/freddy_single_arm_control/install/motion_specification_action/share/motion_specification_action/environment/ament_prefix_path.dsv
-- Installing: /home/linux/Master-thesis/Project-Code/ros2_ws/src/freddy_single_arm_control/install/motion_specification_action/share/motion_specification_action/environment/path.sh
-- Installing: /home/linux/Master-thesis/Project-Code/ros2_ws/src/freddy_single_arm_control/install/motion_specification_action/share/motion_specification_action/environment/path.dsv
-- Installing: /home/linux/Master-thesis/Project-Code/ros2_ws/src/freddy_single_arm_control/install/motion_specification_action/share/motion_specification_action/local_setup.bash
-- Installing: /home/linux/Master-thesis/Project-Code/ros2_ws/src/freddy_single_arm_control/install/motion_specification_action/share/motion_specification_action/local_setup.sh
-- Installing: /home/linux/Master-thesis/Project-Code/ros2_ws/src/freddy_single_arm_control/install/motion_specification_action/share/motion_specification_action/local_setup.zsh
-- Installing: /home/linux/Master-thesis/Project-Code/ros2_ws/src/freddy_single_arm_control/install/motion_specification_action/share/motion_specification_action/local_setup.dsv
-- Installing: /home/linux/Master-thesis/Project-Code/ros2_ws/src/freddy_single_arm_control/install/motion_specification_action/share/motion_specification_action/package.dsv
-- Installing: /home/linux/Master-thesis/Project-Code/ros2_ws/src/freddy_single_arm_control/install/motion_specification_action/share/ament_index/resource_index/packages/motion_specification_action
-- Installing: /home/linux/Master-thesis/Project-Code/ros2_ws/src/freddy_single_arm_control/install/motion_specification_action/share/ament_index/resource_index/rclcpp_components/motion_specification_action
-- Installing: /home/linux/Master-thesis/Project-Code/ros2_ws/src/freddy_single_arm_control/install/motion_specification_action/share/motion_specification_action/cmake/motion_specification_actionConfig.cmake
-- Installing: /home/linux/Master-thesis/Project-Code/ros2_ws/src/freddy_single_arm_control/install/motion_specification_action/share/motion_specification_action/cmake/motion_specification_actionConfig-version.cmake
-- Installing: /home/linux/Master-thesis/Project-Code/ros2_ws/src/freddy_single_arm_control/install/motion_specification_action/share/motion_specification_action/package.xml
